Archive member included to satisfy reference by file (symbol)

C:/Users/ggrun/.pico-sdk/toolchain/14_2_Rel1/bin/../lib/gcc/arm-none-eabi/14.2.1/thumb/v6-m/nofp\libgcc.a(_dvmd_tls.o)
                              CMakeFiles/sensor_temperatura.dir/C_/Users/ggrun/.pico-sdk/sdk/2.2.0/src/rp2_common/pico_divider/divider_hardware.S.obj (__aeabi_idiv0)
C:/Users/ggrun/.pico-sdk/toolchain/14_2_Rel1/bin/../lib/gcc/arm-none-eabi/14.2.1/thumb/v6-m/nofp\libg.a(libc_a-calloc.o)
                              CMakeFiles/sensor_temperatura.dir/C_/Users/ggrun/.pico-sdk/sdk/2.2.0/src/rp2_common/pico_malloc/malloc.c.obj (calloc)
C:/Users/ggrun/.pico-sdk/toolchain/14_2_Rel1/bin/../lib/gcc/arm-none-eabi/14.2.1/thumb/v6-m/nofp\libg.a(libc_a-callocr.o)
                              C:/Users/ggrun/.pico-sdk/toolchain/14_2_Rel1/bin/../lib/gcc/arm-none-eabi/14.2.1/thumb/v6-m/nofp\libg.a(libc_a-calloc.o) (_calloc_r)
C:/Users/ggrun/.pico-sdk/toolchain/14_2_Rel1/bin/../lib/gcc/arm-none-eabi/14.2.1/thumb/v6-m/nofp\libg.a(libc_a-malloc.o)
                              CMakeFiles/sensor_temperatura.dir/C_/Users/ggrun/.pico-sdk/sdk/2.2.0/src/rp2_common/pico_malloc/malloc.c.obj (malloc)
C:/Users/ggrun/.pico-sdk/toolchain/14_2_Rel1/bin/../lib/gcc/arm-none-eabi/14.2.1/thumb/v6-m/nofp\libg.a(libc_a-mallocr.o)
                              C:/Users/ggrun/.pico-sdk/toolchain/14_2_Rel1/bin/../lib/gcc/arm-none-eabi/14.2.1/thumb/v6-m/nofp\libg.a(libc_a-callocr.o) (_malloc_r)
C:/Users/ggrun/.pico-sdk/toolchain/14_2_Rel1/bin/../lib/gcc/arm-none-eabi/14.2.1/thumb/v6-m/nofp\libg.a(libc_a-mlock.o)
                              C:/Users/ggrun/.pico-sdk/toolchain/14_2_Rel1/bin/../lib/gcc/arm-none-eabi/14.2.1/thumb/v6-m/nofp\libg.a(libc_a-mallocr.o) (__malloc_lock)
C:/Users/ggrun/.pico-sdk/toolchain/14_2_Rel1/bin/../lib/gcc/arm-none-eabi/14.2.1/thumb/v6-m/nofp\libg.a(libc_a-realloc.o)
                              CMakeFiles/sensor_temperatura.dir/C_/Users/ggrun/.pico-sdk/sdk/2.2.0/src/rp2_common/pico_malloc/malloc.c.obj (realloc)
C:/Users/ggrun/.pico-sdk/toolchain/14_2_Rel1/bin/../lib/gcc/arm-none-eabi/14.2.1/thumb/v6-m/nofp\libg.a(libc_a-reallocr.o)
                              C:/Users/ggrun/.pico-sdk/toolchain/14_2_Rel1/bin/../lib/gcc/arm-none-eabi/14.2.1/thumb/v6-m/nofp\libg.a(libc_a-realloc.o) (_realloc_r)
C:/Users/ggrun/.pico-sdk/toolchain/14_2_Rel1/bin/../lib/gcc/arm-none-eabi/14.2.1/thumb/v6-m/nofp\libg.a(libc_a-memcmp.o)
                              CMakeFiles/sensor_temperatura.dir/C_/Users/ggrun/.pico-sdk/sdk/2.2.0/src/rp2_common/pico_atomic/atomic.c.obj (memcmp)
C:/Users/ggrun/.pico-sdk/toolchain/14_2_Rel1/bin/../lib/gcc/arm-none-eabi/14.2.1/thumb/v6-m/nofp\libg.a(libc_a-memmove.o)
                              C:/Users/ggrun/.pico-sdk/toolchain/14_2_Rel1/bin/../lib/gcc/arm-none-eabi/14.2.1/thumb/v6-m/nofp\libg.a(libc_a-reallocr.o) (memmove)
C:/Users/ggrun/.pico-sdk/toolchain/14_2_Rel1/bin/../lib/gcc/arm-none-eabi/14.2.1/thumb/v6-m/nofp\libg.a(libc_a-lcltime_r.o)
                              CMakeFiles/sensor_temperatura.dir/C_/Users/ggrun/.pico-sdk/sdk/2.2.0/src/common/pico_util/datetime.c.obj (localtime_r)
C:/Users/ggrun/.pico-sdk/toolchain/14_2_Rel1/bin/../lib/gcc/arm-none-eabi/14.2.1/thumb/v6-m/nofp\libg.a(libc_a-mktime.o)
                              CMakeFiles/sensor_temperatura.dir/C_/Users/ggrun/.pico-sdk/sdk/2.2.0/src/common/pico_util/datetime.c.obj (mktime)
C:/Users/ggrun/.pico-sdk/toolchain/14_2_Rel1/bin/../lib/gcc/arm-none-eabi/14.2.1/thumb/v6-m/nofp\libg.a(libc_a-month_lengths.o)
                              C:/Users/ggrun/.pico-sdk/toolchain/14_2_Rel1/bin/../lib/gcc/arm-none-eabi/14.2.1/thumb/v6-m/nofp\libg.a(libc_a-lcltime_r.o) (__month_lengths)
C:/Users/ggrun/.pico-sdk/toolchain/14_2_Rel1/bin/../lib/gcc/arm-none-eabi/14.2.1/thumb/v6-m/nofp\libg.a(libc_a-tzcalc_limits.o)
                              C:/Users/ggrun/.pico-sdk/toolchain/14_2_Rel1/bin/../lib/gcc/arm-none-eabi/14.2.1/thumb/v6-m/nofp\libg.a(libc_a-lcltime_r.o) (__tzcalc_limits)
C:/Users/ggrun/.pico-sdk/toolchain/14_2_Rel1/bin/../lib/gcc/arm-none-eabi/14.2.1/thumb/v6-m/nofp\libg.a(libc_a-tzlock.o)
                              C:/Users/ggrun/.pico-sdk/toolchain/14_2_Rel1/bin/../lib/gcc/arm-none-eabi/14.2.1/thumb/v6-m/nofp\libg.a(libc_a-lcltime_r.o) (__tz_lock)
C:/Users/ggrun/.pico-sdk/toolchain/14_2_Rel1/bin/../lib/gcc/arm-none-eabi/14.2.1/thumb/v6-m/nofp\libg.a(libc_a-tzset.o)
                              C:/Users/ggrun/.pico-sdk/toolchain/14_2_Rel1/bin/../lib/gcc/arm-none-eabi/14.2.1/thumb/v6-m/nofp\libg.a(libc_a-lcltime_r.o) (_tzset_unlocked)
C:/Users/ggrun/.pico-sdk/toolchain/14_2_Rel1/bin/../lib/gcc/arm-none-eabi/14.2.1/thumb/v6-m/nofp\libg.a(libc_a-tzset_r.o)
                              C:/Users/ggrun/.pico-sdk/toolchain/14_2_Rel1/bin/../lib/gcc/arm-none-eabi/14.2.1/thumb/v6-m/nofp\libg.a(libc_a-tzset.o) (_tzset_unlocked_r)
C:/Users/ggrun/.pico-sdk/toolchain/14_2_Rel1/bin/../lib/gcc/arm-none-eabi/14.2.1/thumb/v6-m/nofp\libg.a(libc_a-tzvars.o)
[...]
Memory Configuration

Name             Origin             Length             Attributes
FLASH            0x10000000         0x00200000         xr
RAM              0x20000000         0x00040000         xrw
SCRATCH_X        0x20040000         0x00001000         xrw
SCRATCH_Y        0x20041000         0x00001000         xrw
*default*        0x00000000         0xffffffff

Linker script and memory map

LOAD C:/Users/ggrun/.pico-sdk/toolchain/14_2_Rel1/bin/../lib/gcc/arm-none-eabi/14.2.1/thumb/v6-m/nofp/crti.o
LOAD C:/Users/ggrun/.pico-sdk/toolchain/14_2_Rel1/bin/../lib/gcc/arm-none-eabi/14.2.1/thumb/v6-m/nofp/crtbegin.o
LOAD C:/Users/ggrun/.pico-sdk/toolchain/14_2_Rel1/bin/../lib/gcc/arm-none-eabi/14.2.1/thumb/v6-m/nofp/crt0.o

.flash_begin    0x10000000        0x0
                0x10000000                        __flash_binary_start = .

.boot2          0x10000000      0x100
                0x10000000                        __boot2_start__ = .
 *(.boot2)
 .boot2         0x10000000      0x100 pico-sdk/src/rp2040/boot_stage2/CMakeFiles/bs2_default_library.dir/./bs2_default_padded_checksummed.S.obj
                0x10000100                        __boot2_end__ = .
                0x00000001                        ASSERT (((__boot2_end__ - __boot2_start__) == 0x100), ERROR: Pico second stage bootloader must be 256 bytes in size)

.text           0x10000100     0x7f84
                0x10000100                        __logical_binary_start = .
 *(.vectors)
 .vectors       0x10000100       0xd4 CMakeFiles/sensor_temperatura.dir/C_/Users/ggrun/.pico-sdk/sdk/2.2.0/src/rp2_common/pico_crt0/crt0.S.obj
                0x10000100                __VECTOR_TABLE
                0x10000100                __vectors
                0x100001c0                isr_irq13
                0x100001c0                isr_irq27
                0x100001c0                isr_irq31
                0x100001c0                isr_irq12
                0x100001c0                isr_irq5
                0x100001c0                isr_irq11
                0x100001c0                isr_irq3
                0x100001c0                isr_irq23
                0x100001c0                __unhandled_user_irq
                0x100001c0                isr_irq26
                0x100001c0                isr_irq28
                0x100001c0                isr_irq19
                0x100001c0                isr_irq0
                0x100001c0                isr_irq6
                0x100001c0                isr_irq29
                0x100001c0                isr_irq16
                0x100001c0                isr_irq22
                0x100001c0                isr_irq18
                0x100001c0                isr_irq17
                0x100001c0                isr_irq14
                0x100001c0                __vectors_end
                0x100001c0                __default_isrs_start
                0x100001c0                isr_irq2
                0x100001c0                isr_irq10
                0x100001c0                isr_irq8
                0x100001c0                isr_irq24
                0x100001c0                isr_irq1
                0x100001c0                isr_irq7
                0x100001c0                isr_irq21
                0x100001c0                isr_irq20
                0x100001c0                isr_irq15
                0x100001c0                isr_irq25
                0x100001c0                isr_irq4
                0x100001c0                isr_irq30
                0x100001c0                isr_irq9
                0x100001c6                unhandled_user_irq_num_in_r0
                0x100001c8                isr_invalid
                0x100001ca                isr_nmi
                0x100001cc                isr_hardfault
                0x100001ce                isr_svcall
                0x100001d0                isr_pendsv
                0x100001d2                isr_systick
                0x100001d4                __default_isrs_end
 *(.binary_info_header)
 .binary_info_header
                0x100001d4       0x14 CMakeFiles/sensor_temperatura.dir/C_/Users/ggrun/.pico-sdk/sdk/2.2.0/src/rp2_common/pico_crt0/crt0.S.obj
                0x100001e8                        __binary_info_header_end = .
 *(.embedded_block)
                0x100001e8                        __embedded_block_end = .
 *(.reset)
 .reset         0x100001e8       0x9c CMakeFiles/sensor_temperatura.dir/C_/Users/ggrun/.pico-sdk/sdk/2.2.0/src/rp2_common/pico_crt0/crt0.S.obj
                0x100001e8                _entry_point
 *(.init)
 .init          0x10000284        0x4 C:/Users/ggrun/.pico-sdk/toolchain/14_2_Rel1/bin/../lib/gcc/arm-none-eabi/14.2.1/thumb/v6-m/nofp/crti.o
                0x10000284                _init
 *(EXCLUDE_FILE(*libm.a: *libc.a:*lib_a-mem*.o *libgcc.a:) .text*)
 .text.register_tm_clones
                0x10000288       0x28 C:/Users/ggrun/.pico-sdk/toolchain/14_2_Rel1/bin/../lib/gcc/arm-none-eabi/14.2.1/thumb/v6-m/nofp/crtbegin.o
 .text.frame_dummy
                0x100002b0       0x24 C:/Users/ggrun/.pico-sdk/toolchain/14_2_Rel1/bin/../lib/gcc/arm-none-eabi/14.2.1/thumb/v6-m/nofp/crtbegin.o
 .text.beep     0x100002d4       0x60 CMakeFiles/sensor_temperatura.dir/Termometro.c.obj
                0x100002d4                beep
 .text.startup.main
                0x10000334      0x264 CMakeFiles/sensor_temperatura.dir/Termometro.c.obj
                0x10000334                main
 .text.ssd1306_draw_char_with_font.part.0
                0x10000598      0x164 CMakeFiles/sensor_temperatura.dir/pico-ssd1306-main/ssd1306.c.obj
 .text.ssd1306_init
                0x100006fc      0x144 CMakeFiles/sensor_temperatura.dir/pico-ssd1306-main/ssd1306.c.obj
                0x100006fc                ssd1306_init
 .text.ssd1306_clear
                0x10000840       0x10 CMakeFiles/sensor_temperatura.dir/pico-ssd1306-main/ssd1306.c.obj
                0x10000840                ssd1306_clear
 .text.ssd1306_draw_string
                0x10000850       0x68 CMakeFiles/sensor_temperatura.dir/pico-ssd1306-main/ssd1306.c.obj
                0x10000850                ssd1306_draw_string
 .text.ssd1306_show
                0x100008b8       0xd0 CMakeFiles/sensor_temperatura.dir/pico-ssd1306-main/ssd1306.c.obj
                0x100008b8                ssd1306_show
 .text.gpio_set_function
                0x10000988       0x34 CMakeFiles/sensor_temperatura.dir/C_/Users/ggrun/.pico-sdk/sdk/2.2.0/src/rp2_common/hardware_gpio/gpio.c.obj
                0x10000988                gpio_set_function
 .text.gpio_set_pulls
                0x100009bc       0x28 CMakeFiles/sensor_temperatura.dir/C_/Users/ggrun/.pico-sdk/sdk/2.2.0/src/rp2_common/hardware_gpio/gpio.c.obj
                0x100009bc                gpio_set_pulls
 .text.gpio_set_input_enabled
                0x100009e4       0x28 CMakeFiles/sensor_temperatura.dir/C_/Users/ggrun/.pico-sdk/sdk/2.2.0/src/rp2_common/hardware_gpio/gpio.c.obj
                0x100009e4                gpio_set_input_enabled
 .text.gpio_init
                0x10000a0c       0x40 CMakeFiles/sensor_temperatura.dir/C_/Users/ggrun/.pico-sdk/sdk/2.2.0/src/rp2_common/hardware_gpio/gpio.c.obj
                0x10000a0c                gpio_init
 .text.rp2040_chip_version
                0x10000a4c        0xc CMakeFiles/sensor_temperatura.dir/C_/Users/ggrun/.pico-sdk/sdk/2.2.0/src/rp2040/pico_platform/platform.c.obj
                0x10000a4c                rp2040_chip_version
 .text.panic    0x10000a58       0x30 CMakeFiles/sensor_temperatura.dir/C_/Users/ggrun/.pico-sdk/sdk/2.2.0/src/rp2_common/pico_platform_panic/panic.c.obj
                0x10000a58                panic
 .text.hw_claim_or_assert
                0x10000a88       0x44 CMakeFiles/sensor_temperatura.dir/C_/Users/ggrun/.pico-sdk/sdk/2.2.0/src/common/hardware_claim/claim.c.obj
                0x10000a88                hw_claim_or_assert
 .text.hw_claim_unused_from_range
                0x10000acc       0x88 CMakeFiles/sensor_temperatura.dir/C_/Users/ggrun/.pico-sdk/sdk/2.2.0/src/common/hardware_claim/claim.c.obj
                0x10000acc                hw_claim_unused_from_range
 .text.next_striped_spin_lock_num
                0x10000b54       0x18 CMakeFiles/sensor_temperatura.dir/C_/Users/ggrun/.pico-sdk/sdk/2.2.0/src/rp2_common/hardware_sync/sync.c.obj
                0x10000b54                next_striped_spin_lock_num
 .text.spin_lock_claim_unused
                0x10000b6c       0x24 CMakeFiles/sensor_temperatura.dir/C_/Users/ggrun/.pico-sdk/sdk/2.2.0/src/rp2_common/hardware_sync/sync.c.obj
                0x10000b6c                spin_lock_claim_unused
 .text.spin_locks_reset
                0x10000b90       0x1c CMakeFiles/sensor_temperatura.dir/C_/Users/ggrun/.pico-sdk/sdk/2.2.0/src/rp2_common/hardware_sync_spin_lock/sync_spin_lock.c.obj
                0x10000b90                spin_locks_reset
 .text.runtime_init_per_core_irq_priorities
                0x10000bac       0x24 CMakeFiles/sensor_temperatura.dir/C_/Users/ggrun/.pico-sdk/sdk/2.2.0/src/rp2_common/hardware_irq/irq.c.obj
                0x10000bac                runtime_init_per_core_irq_priorities
 .text.irq_set_enabled
                0x10000bd0       0x24 CMakeFiles/sensor_temperatura.dir/C_/Users/ggrun/.pico-sdk/sdk/2.2.0/src/rp2_common/hardware_irq/irq.c.obj
                0x10000bd0                irq_set_enabled
 .text.irq_is_enabled
                0x10000bf4       0x18 CMakeFiles/sensor_temperatura.dir/C_/Users/ggrun/.pico-sdk/sdk/2.2.0/src/rp2_common/hardware_irq/irq.c.obj
                0x10000bf4                irq_is_enabled
 .text.irq_set_pending
                0x10000c0c       0x10 CMakeFiles/sensor_temperatura.dir/C_/Users/ggrun/.pico-sdk/sdk/2.2.0/src/rp2_common/hardware_irq/irq.c.obj
                0x10000c0c                irq_set_pending
 .text.irq_has_shared_handler
                0x10000c1c       0x24 CMakeFiles/sensor_temperatura.dir/C_/Users/ggrun/.pico-sdk/sdk/2.2.0/src/rp2_common/hardware_irq/irq.c.obj
                0x10000c1c                irq_has_shared_handler
 .text.irq_set_exclusive_handler
                0x10000c40       0x54 CMakeFiles/sensor_temperatura.dir/C_/Users/ggrun/.pico-sdk/sdk/2.2.0/src/rp2_common/hardware_irq/irq.c.obj
                0x10000c40                irq_set_exclusive_handler
 .text.irq_add_shared_handler
                0x10000c94      0x1f4 CMakeFiles/sensor_temperatura.dir/C_/Users/ggrun/.pico-sdk/sdk/2.2.0/src/rp2_common/hardware_irq/irq.c.obj
                0x10000c94                irq_add_shared_handler
 .text.irq_add_tail_to_free_list
                0x10000e88       0xb4 CMakeFiles/sensor_temperatura.dir/C_/Users/ggrun/.pico-sdk/sdk/2.2.0/src/rp2_common/hardware_irq/irq.c.obj
                0x10000e88                irq_add_tail_to_free_list
 .text.user_irq_claim_unused
                0x10000f3c       0x2c CMakeFiles/sensor_temperatura.dir/C_/Users/ggrun/.pico-sdk/sdk/2.2.0/src/rp2_common/hardware_irq/irq.c.obj
                0x10000f3c                user_irq_claim_unused
 .text.lock_init
                0x10000f68       0x10 CMakeFiles/sensor_temperatura.dir/C_/Users/ggrun/.pico-sdk/sdk/2.2.0/src/common/pico_sync/lock_core.c.obj
                0x10000f68                lock_init
 .text.runtime_init_mutex
                0x10000f78       0x50 CMakeFiles/sensor_temperatura.dir/C_/Users/ggrun/.pico-sdk/sdk/2.2.0/src/common/pico_sync/mutex.c.obj
                0x10000f78                runtime_init_mutex
 .text.mutex_init
                0x10000fc8       0x1c CMakeFiles/sensor_temperatura.dir/C_/Users/ggrun/.pico-sdk/sdk/2.2.0/src/common/pico_sync/mutex.c.obj
                0x10000fc8                mutex_init
 .text.critical_section_init
                0x10000fe4       0x1c CMakeFiles/sensor_temperatura.dir/C_/Users/ggrun/.pico-sdk/sdk/2.2.0/src/common/pico_sync/critical_section.c.obj
                0x10000fe4                critical_section_init
 .text.critical_section_init_with_lock_num
                0x10001000       0x14 CMakeFiles/sensor_temperatura.dir/C_/Users/ggrun/.pico-sdk/sdk/2.2.0/src/common/pico_sync/critical_section.c.obj
                0x10001000                critical_section_init_with_lock_num
 .text.sleep_until_callback
                0x10001014       0x30 CMakeFiles/sensor_temperatura.dir/C_/Users/ggrun/.pico-sdk/sdk/2.2.0/src/common/pico_time/time.c.obj
 .text.alarm_pool_irq_handler
                0x10001044      0x300 CMakeFiles/sensor_temperatura.dir/C_/Users/ggrun/.pico-sdk/sdk/2.2.0/src/common/pico_time/time.c.obj
 .text.runtime_init_default_alarm_pool
                0x10001344       0xdc CMakeFiles/sensor_temperatura.dir/C_/Users/ggrun/.pico-sdk/sdk/2.2.0/src/common/pico_time/time.c.obj
                0x10001344                runtime_init_default_alarm_pool
 .text.alarm_pool_get_default
                0x10001420        0x8 CMakeFiles/sensor_temperatura.dir/C_/Users/ggrun/.pico-sdk/sdk/2.2.0/src/common/pico_time/time.c.obj
                0x10001420                alarm_pool_get_default
 .text.alarm_pool_add_alarm_at
                0x10001428       0xd0 CMakeFiles/sensor_temperatura.dir/C_/Users/ggrun/.pico-sdk/sdk/2.2.0/src/common/pico_time/time.c.obj
                0x10001428                alarm_pool_add_alarm_at
 .text.alarm_pool_add_alarm_at_force_in_context
                0x100014f8       0xb0 CMakeFiles/sensor_temperatura.dir/C_/Users/ggrun/.pico-sdk/sdk/2.2.0/src/common/pico_time/time.c.obj
                0x100014f8                alarm_pool_add_alarm_at_force_in_context
 .text.alarm_pool_cancel_alarm
                0x100015a8       0x74 CMakeFiles/sensor_temperatura.dir/C_/Users/ggrun/.pico-sdk/sdk/2.2.0/src/common/pico_time/time.c.obj
                0x100015a8                alarm_pool_cancel_alarm
 .text.alarm_pool_core_num
                0x1000161c        0x4 CMakeFiles/sensor_temperatura.dir/C_/Users/ggrun/.pico-sdk/sdk/2.2.0/src/common/pico_time/time.c.obj
                0x1000161c                alarm_pool_core_num
 .text.sleep_us
                0x10001620       0xec CMakeFiles/sensor_temperatura.dir/C_/Users/ggrun/.pico-sdk/sdk/2.2.0/src/common/pico_time/time.c.obj
                0x10001620                sleep_us
 .text.sleep_ms
                0x1000170c       0xfc CMakeFiles/sensor_temperatura.dir/C_/Users/ggrun/.pico-sdk/sdk/2.2.0/src/common/pico_time/time.c.obj
                0x1000170c                sleep_ms
 .text.best_effort_wfe_or_timeout
                0x10001808      0x10c CMakeFiles/sensor_temperatura.dir/C_/Users/ggrun/.pico-sdk/sdk/2.2.0/src/common/pico_time/time.c.obj
                0x10001808                best_effort_wfe_or_timeout
 .text.timer_hardware_alarm_claim
                0x10001914       0x14 CMakeFiles/sensor_temperatura.dir/C_/Users/ggrun/.pico-sdk/sdk/2.2.0/src/rp2_common/hardware_timer/timer.c.obj
                0x10001914                timer_hardware_alarm_claim
 .text.timer_time_us_64
                0x10001928       0x10 CMakeFiles/sensor_temperatura.dir/C_/Users/ggrun/.pico-sdk/sdk/2.2.0/src/rp2_common/hardware_timer/timer.c.obj
                0x10001928                timer_time_us_64
 .text.time_us_64
                0x10001938       0x14 CMakeFiles/sensor_temperatura.dir/C_/Users/ggrun/.pico-sdk/sdk/2.2.0/src/rp2_common/hardware_timer/timer.c.obj
                0x10001938                time_us_64
 .text.busy_wait_until
                0x1000194c       0x20 CMakeFiles/sensor_temperatura.dir/C_/Users/ggrun/.pico-sdk/sdk/2.2.0/src/rp2_common/hardware_timer/timer.c.obj
                0x1000194c                busy_wait_until
 .text.clock_configure_int_divider
                0x1000196c       0xf4 CMakeFiles/sensor_temperatura.dir/C_/Users/ggrun/.pico-sdk/sdk/2.2.0/src/rp2_common/hardware_clocks/clocks.c.obj
                0x1000196c                clock_configure_int_divider
 .text.clock_configure_undivided
                0x10001a60       0xe8 CMakeFiles/sensor_temperatura.dir/C_/Users/ggrun/.pico-sdk/sdk/2.2.0/src/rp2_common/hardware_clocks/clocks.c.obj
                0x10001a60                clock_configure_undivided
 .text.clock_get_hz
                0x10001b48        0xc CMakeFiles/sensor_temperatura.dir/C_/Users/ggrun/.pico-sdk/sdk/2.2.0/src/rp2_common/hardware_clocks/clocks.c.obj
                0x10001b48                clock_get_hz
 .text.pll_init
                0x10001b54       0xa4 CMakeFiles/sensor_temperatura.dir/C_/Users/ggrun/.pico-sdk/sdk/2.2.0/src/rp2_common/hardware_pll/pll.c.obj
                0x10001b54                pll_init
 .text.watchdog_reboot
                0x10001bf8       0x9c CMakeFiles/sensor_temperatura.dir/C_/Users/ggrun/.pico-sdk/sdk/2.2.0/src/rp2_common/hardware_watchdog/watchdog.c.obj
                0x10001bf8                watchdog_reboot
 .text.tick_start
                0x10001c94       0x10 CMakeFiles/sensor_temperatura.dir/C_/Users/ggrun/.pico-sdk/sdk/2.2.0/src/rp2_common/hardware_ticks/ticks.c.obj
                0x10001c94                tick_start
 .text.rom_func_lookup
                0x10001ca4       0x10 CMakeFiles/sensor_temperatura.dir/C_/Users/ggrun/.pico-sdk/sdk/2.2.0/src/rp2_common/pico_bootrom/bootrom.c.obj
                0x10001ca4                rom_func_lookup
 .text.rom_data_lookup
                0x10001cb4       0x10 CMakeFiles/sensor_temperatura.dir/C_/Users/ggrun/.pico-sdk/sdk/2.2.0/src/rp2_common/pico_bootrom/bootrom.c.obj
                0x10001cb4                rom_data_lookup
 .text.rom_funcs_lookup
                0x10001cc4       0x44 CMakeFiles/sensor_temperatura.dir/C_/Users/ggrun/.pico-sdk/sdk/2.2.0/src/rp2_common/pico_bootrom/bootrom.c.obj
                0x10001cc4                rom_funcs_lookup
 .text.rom_reset_usb_boot_extra
                0x10001d08       0x24 CMakeFiles/sensor_temperatura.dir/C_/Users/ggrun/.pico-sdk/sdk/2.2.0/src/rp2_common/pico_bootrom/bootrom.c.obj
                0x10001d08                rom_reset_usb_boot_extra
 .text.xosc_init
                0x10001d2c       0x28 CMakeFiles/sensor_temperatura.dir/C_/Users/ggrun/.pico-sdk/sdk/2.2.0/src/rp2_common/hardware_xosc/xosc.c.obj
                0x10001d2c                xosc_init
 .text.first_per_core_initializer
                0x10001d54        0x4 CMakeFiles/sensor_temperatura.dir/C_/Users/ggrun/.pico-sdk/sdk/2.2.0/src/rp2_common/pico_runtime/runtime.c.obj
 .text.hard_assertion_failure
                0x10001d58        0xc CMakeFiles/sensor_temperatura.dir/C_/Users/ggrun/.pico-sdk/sdk/2.2.0/src/rp2_common/pico_runtime/runtime.c.obj
                0x10001d58                hard_assertion_failure
 .text.runtime_run_initializers
                0x10001d64       0x28 CMakeFiles/sensor_temperatura.dir/C_/Users/ggrun/.pico-sdk/sdk/2.2.0/src/rp2_common/pico_runtime/runtime.c.obj
                0x10001d64                runtime_run_initializers
 .text.runtime_init_early_resets
                0x10001d8c       0x2c CMakeFiles/sensor_temperatura.dir/C_/Users/ggrun/.pico-sdk/sdk/2.2.0/src/rp2_common/pico_runtime_init/runtime_init.c.obj
                0x10001d8c                runtime_init_early_resets
 .text.runtime_init_usb_power_down
                0x10001db8       0x1c CMakeFiles/sensor_temperatura.dir/C_/Users/ggrun/.pico-sdk/sdk/2.2.0/src/rp2_common/pico_runtime_init/runtime_init.c.obj
                0x10001db8                runtime_init_usb_power_down
 .text.runtime_init_post_clock_resets
                0x10001dd4       0x20 CMakeFiles/sensor_temperatura.dir/C_/Users/ggrun/.pico-sdk/sdk/2.2.0/src/rp2_common/pico_runtime_init/runtime_init.c.obj
                0x10001dd4                runtime_init_post_clock_resets
 .text.runtime_init_rp2040_gpio_ie_disable
                0x10001df4       0x14 CMakeFiles/sensor_temperatura.dir/C_/Users/ggrun/.pico-sdk/sdk/2.2.0/src/rp2_common/pico_runtime_init/runtime_init.c.obj
                0x10001df4                runtime_init_rp2040_gpio_ie_disable
 .text.runtime_init_spin_locks_reset
                0x10001e08        0x8 CMakeFiles/sensor_temperatura.dir/C_/Users/ggrun/.pico-sdk/sdk/2.2.0/src/rp2_common/pico_runtime_init/runtime_init.c.obj
                0x10001e08                runtime_init_spin_locks_reset
 .text.runtime_init_install_ram_vector_table
                0x10001e10       0xb4 CMakeFiles/sensor_temperatura.dir/C_/Users/ggrun/.pico-sdk/sdk/2.2.0/src/rp2_common/pico_runtime_init/runtime_init.c.obj
                0x10001e10                runtime_init_install_ram_vector_table
 .text.runtime_init_clocks
                0x10001ec4       0xd8 CMakeFiles/sensor_temperatura.dir/C_/Users/ggrun/.pico-sdk/sdk/2.2.0/src/rp2_common/pico_runtime_init/runtime_init_clocks.c.obj
                0x10001ec4                runtime_init_clocks
 .text          0x10001f9c       0x10 CMakeFiles/sensor_temperatura.dir/C_/Users/ggrun/.pico-sdk/sdk/2.2.0/src/rp2_common/pico_bit_ops/bit_ops_aeabi.S.obj
 .text.__wrap___aeabi_idiv
                0x10001fac       0x50 CMakeFiles/sensor_temperatura.dir/C_/Users/ggrun/.pico-sdk/sdk/2.2.0/src/rp2_common/pico_divider/divider_hardware.S.obj
                0x10001fac                __wrap___aeabi_idivmod
                0x10001fac                divmod_s32s32
                0x10001fac                div_s32s32
                0x10001fac                __wrap___aeabi_idiv
                0x10001fb4                divmod_s32s32_unsafe
                0x10001fe0                divmod_s32s32_savestate
 .text.__wrap___aeabi_uidiv
                0x10001ffc       0x4c CMakeFiles/sensor_temperatura.dir/C_/Users/ggrun/.pico-sdk/sdk/2.2.0/src/rp2_common/pico_divider/divider_hardware.S.obj
                0x10001ffc                __wrap___aeabi_uidiv
                0x10001ffc                __wrap___aeabi_uidivmod
                0x10001ffc                div_u32u32
                0x10001ffc                divmod_u32u32
                0x10002004                divmod_u32u32_unsafe
                0x1000202c                divmod_u32u32_savestate
 .text.__wrap___aeabi_ldiv
                0x10002048      0x424 CMakeFiles/sensor_temperatura.dir/C_/Users/ggrun/.pico-sdk/sdk/2.2.0/src/rp2_common/pico_divider/divider_hardware.S.obj
                0x10002048                div_s64s64
                0x10002048                divmod_s64s64
                0x10002048                __wrap___aeabi_ldivmod
                0x10002078                divmod_u64u64
                0x10002078                div_u64u64
                0x10002078                __wrap___aeabi_uldivmod
                0x10002088                divmod_u64u64_savestate
                0x100020a8                divmod_s64s64_unsafe
                0x10002130                divmod_u64u64_unsafe
 .text.__wrap___aeabi_darithmetic
                0x1000246c       0x80 CMakeFiles/sensor_temperatura.dir/C_/Users/ggrun/.pico-sdk/sdk/2.2.0/src/rp2_common/pico_double/double_aeabi_rp2040.S.obj
                0x1000246c                __wrap___aeabi_drsub
                0x10002472                __wrap___aeabi_dsub
                0x10002484                __wrap___aeabi_dadd
                0x10002496                __wrap___aeabi_ddiv
                0x100024d2                __wrap___aeabi_dmul
 .text.__wrap___aeabi_cdcmple
                0x100024ec       0x6c CMakeFiles/sensor_temperatura.dir/C_/Users/ggrun/.pico-sdk/sdk/2.2.0/src/rp2_common/pico_double/double_aeabi_rp2040.S.obj
                0x100024ec                __wrap___aeabi_cdrcmple
                0x100024fc                __wrap___aeabi_cdcmpeq
                0x100024fc                __wrap___aeabi_cdcmple
 .text.__wrap___aeabi_dcmplt
                0x10002558        0xc CMakeFiles/sensor_temperatura.dir/C_/Users/ggrun/.pico-sdk/sdk/2.2.0/src/rp2_common/pico_double/double_aeabi_rp2040.S.obj
                0x10002558                __wrap___aeabi_dcmplt
 .text.__wrap___aeabi_dcmple
                0x10002564       0x10 CMakeFiles/sensor_temperatura.dir/C_/Users/ggrun/.pico-sdk/sdk/2.2.0/src/rp2_common/pico_double/double_aeabi_rp2040.S.obj
                0x10002564                __wrap___aeabi_dcmple
 .text.__wrap___aeabi_dcmpge
                0x10002574       0x10 CMakeFiles/sensor_temperatura.dir/C_/Users/ggrun/.pico-sdk/sdk/2.2.0/src/rp2_common/pico_double/double_aeabi_rp2040.S.obj
                0x10002574                __wrap___aeabi_dcmpge
 .text.__wrap___aeabi_dcmpgt
                0x10002584        0xa CMakeFiles/sensor_temperatura.dir/C_/Users/ggrun/.pico-sdk/sdk/2.2.0/src/rp2_common/pico_double/double_aeabi_rp2040.S.obj
                0x10002584                __wrap___aeabi_dcmpgt
 .text.__wrap___aeabi_dcmpun
                0x1000258e       0x18 CMakeFiles/sensor_temperatura.dir/C_/Users/ggrun/.pico-sdk/sdk/2.2.0/src/rp2_common/pico_double/double_aeabi_rp2040.S.obj
                0x1000258e                __wrap___aeabi_dcmpun
 *fill*         0x100025a6        0x2 
 .text.__wrap___aeabi_i2d
                0x100025a8       0x38 CMakeFiles/sensor_temperatura.dir/C_/Users/ggrun/.pico-sdk/sdk/2.2.0/src/rp2_common/pico_double/double_aeabi_rp2040.S.obj
                0x100025a8                uint2double
                0x100025a8                __wrap___aeabi_ui2d
                0x100025b0                int2double
                0x100025b0                __wrap___aeabi_i2d
 .text.__wrap___aeabi_d2iz
                0x100025e0       0x48 CMakeFiles/sensor_temperatura.dir/C_/Users/ggrun/.pico-sdk/sdk/2.2.0/src/rp2_common/pico_double/double_aeabi_rp2040.S.obj
                0x100025e0                double2int_z
                0x100025e0                __wrap___aeabi_d2iz
 .text.__wrap___aeabi_d2uiz
                0x10002628       0x18 CMakeFiles/sensor_temperatura.dir/C_/Users/ggrun/.pico-sdk/sdk/2.2.0/src/rp2_common/pico_double/double_aeabi_rp2040.S.obj
                0x10002628                double2uint
                0x10002628                __wrap___aeabi_d2uiz
                0x10002628                double2uint_z
 .text.__aeabi_double_init
                0x10002640       0xa4 CMakeFiles/sensor_temperatura.dir/C_/Users/ggrun/.pico-sdk/sdk/2.2.0/src/rp2_common/pico_double/double_init_rom_rp2040.c.obj
                0x10002640                __aeabi_double_init
 .text.double_table_shim_on_use_helper
                0x100026e4       0x2c CMakeFiles/sensor_temperatura.dir/C_/Users/ggrun/.pico-sdk/sdk/2.2.0/src/rp2_common/pico_double/double_v1_rom_shim_rp2040.S.obj
                0x100026e4                double_table_shim_on_use_helper
 .text.__wrap___aeabi_dsub
                0x10002710       0x10 CMakeFiles/sensor_temperatura.dir/C_/Users/ggrun/.pico-sdk/sdk/2.2.0/src/rp2_common/pico_double/double_v1_rom_shim_rp2040.S.obj
                0x10002710                drsub_shim
                0x10002716                dsub_shim
 .text.dadd_shim
                0x10002720      0x15c CMakeFiles/sensor_temperatura.dir/C_/Users/ggrun/.pico-sdk/sdk/2.2.0/src/rp2_common/pico_double/double_v1_rom_shim_rp2040.S.obj
                0x10002720                dadd_shim
 .text.dmul_shim
                0x1000287c      0x15c CMakeFiles/sensor_temperatura.dir/C_/Users/ggrun/.pico-sdk/sdk/2.2.0/src/rp2_common/pico_double/double_v1_rom_shim_rp2040.S.obj
                0x1000287c                dmul_shim
 .text.ddiv_shim
                0x100029d8      0x1b0 CMakeFiles/sensor_temperatura.dir/C_/Users/ggrun/.pico-sdk/sdk/2.2.0/src/rp2_common/pico_double/double_v1_rom_shim_rp2040.S.obj
                0x100029d8                ddiv_shim
 .text.double2uint_shim
                0x10002b88        0xe CMakeFiles/sensor_temperatura.dir/C_/Users/ggrun/.pico-sdk/sdk/2.2.0/src/rp2_common/pico_double/double_v1_rom_shim_rp2040.S.obj
                0x10002b88                double2uint_shim
                0x10002b8a                double2ufix_shim
 *fill*         0x10002b96        0x2 
 .text.double2uint64_shim
                0x10002b98       0x70 CMakeFiles/sensor_temperatura.dir/C_/Users/ggrun/.pico-sdk/sdk/2.2.0/src/rp2_common/pico_double/double_v1_rom_shim_rp2040.S.obj
                0x10002b98                double2uint64_shim
                0x10002b9a                double2ufix64_shim
                0x10002bba                d2fix_a
 .text.dunpacks
                0x10002c08       0x3c CMakeFiles/sensor_temperatura.dir/C_/Users/ggrun/.pico-sdk/sdk/2.2.0/src/rp2_common/pico_double/double_v1_rom_shim_rp2040.S.obj
                0x10002c08                dunpacks
 .text.__aeabi_lmul
                0x10002c44       0x32 CMakeFiles/sensor_temperatura.dir/C_/Users/ggrun/.pico-sdk/sdk/2.2.0/src/rp2_common/pico_int64_ops/pico_int64_ops_aeabi.S.obj
                0x10002c44                __wrap___aeabi_lmul
 *fill*         0x10002c76        0x2 
 .text.__wrap___aeabi_farithmetic
                0x10002c78       0x48 CMakeFiles/sensor_temperatura.dir/C_/Users/ggrun/.pico-sdk/sdk/2.2.0/src/rp2_common/pico_float/float_aeabi_rp2040.S.obj
                0x10002c78                __wrap___aeabi_frsub
                0x10002c7e                __wrap___aeabi_fsub
                0x10002c84                __wrap___aeabi_fadd
                0x10002c8a                __wrap___aeabi_fdiv
                0x10002cb2                __wrap___aeabi_fmul
 .text.__wrap___aeabi_cfcmple
                0x10002cc0       0x50 CMakeFiles/sensor_temperatura.dir/C_/Users/ggrun/.pico-sdk/sdk/2.2.0/src/rp2_common/pico_float/float_aeabi_rp2040.S.obj
                0x10002cc0                __wrap___aeabi_cfrcmple
                0x10002ccc                __wrap___aeabi_cfcmple
                0x10002ccc                __wrap___aeabi_cfcmpeq
 .text.__wrap___aeabi_fcmplt
                0x10002d10        0xc CMakeFiles/sensor_temperatura.dir/C_/Users/ggrun/.pico-sdk/sdk/2.2.0/src/rp2_common/pico_float/float_aeabi_rp2040.S.obj
                0x10002d10                __wrap___aeabi_fcmplt
 .text.__wrap___aeabi_ui2f
                0x10002d1c        0xa CMakeFiles/sensor_temperatura.dir/C_/Users/ggrun/.pico-sdk/sdk/2.2.0/src/rp2_common/pico_float/float_aeabi_rp2040.S.obj
                0x10002d1c                __wrap___aeabi_ui2f
                0x10002d1c                uint2float
 *fill*         0x10002d26        0x2 
 .text.__wrap___aeabi_i2f
                0x10002d28       0x44 CMakeFiles/sensor_temperatura.dir/C_/Users/ggrun/.pico-sdk/sdk/2.2.0/src/rp2_common/pico_float/float_aeabi_rp2040.S.obj
                0x10002d28                __wrap___aeabi_i2f
                0x10002d28                int2float
 .text.__wrap___aeabi_f2d
                0x10002d6c       0x14 CMakeFiles/sensor_temperatura.dir/C_/Users/ggrun/.pico-sdk/sdk/2.2.0/src/rp2_common/pico_float/float_aeabi_rp2040.S.obj
                0x10002d6c                __wrap___aeabi_f2d
 .text.__aeabi_float_init
                0x10002d80       0x64 CMakeFiles/sensor_temperatura.dir/C_/Users/ggrun/.pico-sdk/sdk/2.2.0/src/rp2_common/pico_float/float_init_rom_rp2040.c.obj
                0x10002d80                __aeabi_float_init
 .text.float_table_shim_on_use_helper
                0x10002de4       0x2c CMakeFiles/sensor_temperatura.dir/C_/Users/ggrun/.pico-sdk/sdk/2.2.0/src/rp2_common/pico_float/float_v1_rom_shim_rp2040.S.obj
                0x10002de4                float_table_shim_on_use_helper
 .text.float2double_shim
                0x10002e10       0x30 CMakeFiles/sensor_temperatura.dir/C_/Users/ggrun/.pico-sdk/sdk/2.2.0/src/rp2_common/pico_float/float_v1_rom_shim_rp2040.S.obj
                0x10002e10                float2double_shim
 .text.__wrap_malloc
                0x10002e40       0x24 CMakeFiles/sensor_temperatura.dir/C_/Users/ggrun/.pico-sdk/sdk/2.2.0/src/rp2_common/pico_malloc/malloc.c.obj
                0x10002e40                __wrap_malloc
 .text          0x10002e64       0x10 CMakeFiles/sensor_temperatura.dir/C_/Users/ggrun/.pico-sdk/sdk/2.2.0/src/rp2_common/pico_mem_ops/mem_ops_aeabi.S.obj
                0x10002e64                __aeabi_mem_init
 .text.memset   0x10002e74        0xc CMakeFiles/sensor_temperatura.dir/C_/Users/ggrun/.pico-sdk/sdk/2.2.0/src/rp2_common/pico_mem_ops/mem_ops_aeabi.S.obj
                0x10002e74                __wrap_memset
 .text.memcpy   0x10002e80        0xc CMakeFiles/sensor_temperatura.dir/C_/Users/ggrun/.pico-sdk/sdk/2.2.0/src/rp2_common/pico_mem_ops/mem_ops_aeabi.S.obj
                0x10002e80                __wrap_memcpy
                0x10002e80                __wrap___aeabi_memcpy
 .text._out_buffer
                0x10002e8c        0x8 CMakeFiles/sensor_temperatura.dir/C_/Users/ggrun/.pico-sdk/sdk/2.2.0/src/rp2_common/pico_printf/printf.c.obj
 .text._out_null
                0x10002e94        0x4 CMakeFiles/sensor_temperatura.dir/C_/Users/ggrun/.pico-sdk/sdk/2.2.0/src/rp2_common/pico_printf/printf.c.obj
 .text._out_rev
                0x10002e98       0xac CMakeFiles/sensor_temperatura.dir/C_/Users/ggrun/.pico-sdk/sdk/2.2.0/src/rp2_common/pico_printf/printf.c.obj
 .text._ntoa_format
                0x10002f44      0x1cc CMakeFiles/sensor_temperatura.dir/C_/Users/ggrun/.pico-sdk/sdk/2.2.0/src/rp2_common/pico_printf/printf.c.obj
 .text._out_char
                0x10003110       0x10 CMakeFiles/sensor_temperatura.dir/C_/Users/ggrun/.pico-sdk/sdk/2.2.0/src/rp2_common/pico_printf/printf.c.obj
 .text._out_fct
                0x10003120       0x10 CMakeFiles/sensor_temperatura.dir/C_/Users/ggrun/.pico-sdk/sdk/2.2.0/src/rp2_common/pico_printf/printf.c.obj
 .text._ftoa    0x10003130      0x4a8 CMakeFiles/sensor_temperatura.dir/C_/Users/ggrun/.pico-sdk/sdk/2.2.0/src/rp2_common/pico_printf/printf.c.obj
 .text._etoa    0x100035d8      0x57c CMakeFiles/sensor_temperatura.dir/C_/Users/ggrun/.pico-sdk/sdk/2.2.0/src/rp2_common/pico_printf/printf.c.obj
 .text._vsnprintf
                0x10003b54      0xbe0 CMakeFiles/sensor_temperatura.dir/C_/Users/ggrun/.pico-sdk/sdk/2.2.0/src/rp2_common/pico_printf/printf.c.obj
 .text.__wrap_sprintf
                0x10004734       0x2c CMakeFiles/sensor_temperatura.dir/C_/Users/ggrun/.pico-sdk/sdk/2.2.0/src/rp2_common/pico_printf/printf.c.obj
                0x10004734                __wrap_sprintf
 .text.vfctprintf
                0x10004760       0x24 CMakeFiles/sensor_temperatura.dir/C_/Users/ggrun/.pico-sdk/sdk/2.2.0/src/rp2_common/pico_printf/printf.c.obj
                0x10004760                vfctprintf
 .text.weak_raw_vprintf
                0x10004784       0x30 CMakeFiles/sensor_temperatura.dir/C_/Users/ggrun/.pico-sdk/sdk/2.2.0/src/rp2_common/pico_printf/printf.c.obj
                0x10004784                weak_raw_vprintf
 .text._exit    0x100047b4        0x4 CMakeFiles/sensor_temperatura.dir/C_/Users/ggrun/.pico-sdk/sdk/2.2.0/src/rp2_common/pico_clib_interface/newlib_interface.c.obj
                0x100047b4                _exit
 .text._sbrk    0x100047b8       0x34 CMakeFiles/sensor_temperatura.dir/C_/Users/ggrun/.pico-sdk/sdk/2.2.0/src/rp2_common/pico_clib_interface/newlib_interface.c.obj
                0x100047b8                _sbrk
 .text.exit     0x100047ec        0x8 CMakeFiles/sensor_temperatura.dir/C_/Users/ggrun/.pico-sdk/sdk/2.2.0/src/rp2_common/pico_clib_interface/newlib_interface.c.obj
                0x100047ec                exit
 .text.runtime_init
                0x100047f4       0x2c CMakeFiles/sensor_temperatura.dir/C_/Users/ggrun/.pico-sdk/sdk/2.2.0/src/rp2_common/pico_clib_interface/newlib_interface.c.obj
                0x100047f4                runtime_init
 .text.stdio_out_chars_no_crlf
                0x10004820       0x10 CMakeFiles/sensor_temperatura.dir/C_/Users/ggrun/.pico-sdk/sdk/2.2.0/src/rp2_common/pico_stdio/stdio.c.obj
 .text.stdio_out_chars_crlf
                0x10004830       0xb0 CMakeFiles/sensor_temperatura.dir/C_/Users/ggrun/.pico-sdk/sdk/2.2.0/src/rp2_common/pico_stdio/stdio.c.obj
 .text.stdio_buffered_printer
                0x100048e0       0x64 CMakeFiles/sensor_temperatura.dir/C_/Users/ggrun/.pico-sdk/sdk/2.2.0/src/rp2_common/pico_stdio/stdio.c.obj
 .text.stdio_put_string
                0x10004944       0xfc CMakeFiles/sensor_temperatura.dir/C_/Users/ggrun/.pico-sdk/sdk/2.2.0/src/rp2_common/pico_stdio/stdio.c.obj
                0x10004944                stdio_put_string
 .text.stdio_set_driver_enabled
                0x10004a40       0x30 CMakeFiles/sensor_temperatura.dir/C_/Users/ggrun/.pico-sdk/sdk/2.2.0/src/rp2_common/pico_stdio/stdio.c.obj
                0x10004a40                stdio_set_driver_enabled
 .text.stdio_init_all
                0x10004a70        0x8 CMakeFiles/sensor_temperatura.dir/C_/Users/ggrun/.pico-sdk/sdk/2.2.0/src/rp2_common/pico_stdio/stdio.c.obj
                0x10004a70                stdio_init_all
 .text.__wrap_putchar
                0x10004a78       0x94 CMakeFiles/sensor_temperatura.dir/C_/Users/ggrun/.pico-sdk/sdk/2.2.0/src/rp2_common/pico_stdio/stdio.c.obj
                0x10004a78                __wrap_putchar
                0x10004a78                stdio_putchar
 .text.__wrap_puts
                0x10004b0c       0x3c CMakeFiles/sensor_temperatura.dir/C_/Users/ggrun/.pico-sdk/sdk/2.2.0/src/rp2_common/pico_stdio/stdio.c.obj
                0x10004b0c                stdio_puts
                0x10004b0c                __wrap_puts
 .text.__wrap_vprintf
                0x10004b48       0xcc CMakeFiles/sensor_temperatura.dir/C_/Users/ggrun/.pico-sdk/sdk/2.2.0/src/rp2_common/pico_stdio/stdio.c.obj
                0x10004b48                stdio_vprintf
                0x10004b48                __wrap_vprintf
 .text.__wrap_printf
                0x10004c14       0x18 CMakeFiles/sensor_temperatura.dir/C_/Users/ggrun/.pico-sdk/sdk/2.2.0/src/rp2_common/pico_stdio/stdio.c.obj
                0x10004c14                __wrap_printf
                0x10004c14                stdio_printf
 .text.resetd_init
                0x10004c2c        0x4 CMakeFiles/sensor_temperatura.dir/C_/Users/ggrun/.pico-sdk/sdk/2.2.0/src/rp2_common/pico_stdio_usb/reset_interface.c.obj
 .text.resetd_reset
                0x10004c30        0xc CMakeFiles/sensor_temperatura.dir/C_/Users/ggrun/.pico-sdk/sdk/2.2.0/src/rp2_common/pico_stdio_usb/reset_interface.c.obj
 .text.resetd_open
                0x10004c3c       0x28 CMakeFiles/sensor_temperatura.dir/C_/Users/ggrun/.pico-sdk/sdk/2.2.0/src/rp2_common/pico_stdio_usb/reset_interface.c.obj
 .text.resetd_xfer_cb
                0x10004c64        0x4 CMakeFiles/sensor_temperatura.dir/C_/Users/ggrun/.pico-sdk/sdk/2.2.0/src/rp2_common/pico_stdio_usb/reset_interface.c.obj
 .text.resetd_control_xfer_cb
                0x10004c68       0x54 CMakeFiles/sensor_temperatura.dir/C_/Users/ggrun/.pico-sdk/sdk/2.2.0/src/rp2_common/pico_stdio_usb/reset_interface.c.obj
 .text.tud_descriptor_bos_cb
                0x10004cbc        0x8 CMakeFiles/sensor_temperatura.dir/C_/Users/ggrun/.pico-sdk/sdk/2.2.0/src/rp2_common/pico_stdio_usb/reset_interface.c.obj
                0x10004cbc                tud_descriptor_bos_cb
 .text.tud_vendor_control_xfer_cb
                0x10004cc4       0x34 CMakeFiles/sensor_temperatura.dir/C_/Users/ggrun/.pico-sdk/sdk/2.2.0/src/rp2_common/pico_stdio_usb/reset_interface.c.obj
                0x10004cc4                tud_vendor_control_xfer_cb
 .text.usbd_app_driver_get_cb
                0x10004cf8        0xc CMakeFiles/sensor_temperatura.dir/C_/Users/ggrun/.pico-sdk/sdk/2.2.0/src/rp2_common/pico_stdio_usb/reset_interface.c.obj
                0x10004cf8                usbd_app_driver_get_cb
 .text.tud_cdc_line_coding_cb
                0x10004d04       0x2c CMakeFiles/sensor_temperatura.dir/C_/Users/ggrun/.pico-sdk/sdk/2.2.0/src/rp2_common/pico_stdio_usb/reset_interface.c.obj
                0x10004d04                tud_cdc_line_coding_cb
 .text.stdio_usb_set_chars_available_callback
                0x10004d30       0x14 CMakeFiles/sensor_temperatura.dir/C_/Users/ggrun/.pico-sdk/sdk/2.2.0/src/rp2_common/pico_stdio_usb/stdio_usb.c.obj
                0x10004d30                stdio_usb_set_chars_available_callback
 .text.usb_irq  0x10004d44       0x10 CMakeFiles/sensor_temperatura.dir/C_/Users/ggrun/.pico-sdk/sdk/2.2.0/src/rp2_common/pico_stdio_usb/stdio_usb.c.obj
 .text.timer_task
                0x10004d54       0x64 CMakeFiles/sensor_temperatura.dir/C_/Users/ggrun/.pico-sdk/sdk/2.2.0/src/rp2_common/pico_stdio_usb/stdio_usb.c.obj
 .text.stdio_usb_in_chars
                0x10004db8       0x8c CMakeFiles/sensor_temperatura.dir/C_/Users/ggrun/.pico-sdk/sdk/2.2.0/src/rp2_common/pico_stdio_usb/stdio_usb.c.obj
                0x10004db8                stdio_usb_in_chars
 .text.stdio_usb_out_flush
                0x10004e44       0x4c CMakeFiles/sensor_temperatura.dir/C_/Users/ggrun/.pico-sdk/sdk/2.2.0/src/rp2_common/pico_stdio_usb/stdio_usb.c.obj
 .text.stdio_usb_out_chars
                0x10004e90      0x100 CMakeFiles/sensor_temperatura.dir/C_/Users/ggrun/.pico-sdk/sdk/2.2.0/src/rp2_common/pico_stdio_usb/stdio_usb.c.obj
 .text.low_priority_worker_irq
                0x10004f90       0xc8 CMakeFiles/sensor_temperatura.dir/C_/Users/ggrun/.pico-sdk/sdk/2.2.0/src/rp2_common/pico_stdio_usb/stdio_usb.c.obj
 .text.stdio_usb_init
                0x10005058       0xe8 CMakeFiles/sensor_temperatura.dir/C_/Users/ggrun/.pico-sdk/sdk/2.2.0/src/rp2_common/pico_stdio_usb/stdio_usb.c.obj
                0x10005058                stdio_usb_init
 .text.tud_descriptor_device_cb
                0x10005140        0x8 CMakeFiles/sensor_temperatura.dir/C_/Users/ggrun/.pico-sdk/sdk/2.2.0/src/rp2_common/pico_stdio_usb/stdio_usb_descriptors.c.obj
                0x10005140                tud_descriptor_device_cb
 .text.tud_descriptor_configuration_cb
                0x10005148        0x8 CMakeFiles/sensor_temperatura.dir/C_/Users/ggrun/.pico-sdk/sdk/2.2.0/src/rp2_common/pico_stdio_usb/stdio_usb_descriptors.c.obj
                0x10005148                tud_descriptor_configuration_cb
 .text.tud_descriptor_string_cb
                0x10005150       0x78 CMakeFiles/sensor_temperatura.dir/C_/Users/ggrun/.pico-sdk/sdk/2.2.0/src/rp2_common/pico_stdio_usb/stdio_usb_descriptors.c.obj
                0x10005150                tud_descriptor_string_cb
 .text.startup._retrieve_unique_id_on_boot
                0x100051c8       0x10 CMakeFiles/sensor_temperatura.dir/C_/Users/ggrun/.pico-sdk/sdk/2.2.0/src/rp2_common/pico_unique_id/unique_id.c.obj
 .text.pico_get_unique_board_id_string
                0x100051d8      0x1a8 CMakeFiles/sensor_temperatura.dir/C_/Users/ggrun/.pico-sdk/sdk/2.2.0/src/rp2_common/pico_unique_id/unique_id.c.obj
                0x100051d8                pico_get_unique_board_id_string
 .text.flash_get_unique_id
                0x10005380       0x3c CMakeFiles/sensor_temperatura.dir/C_/Users/ggrun/.pico-sdk/sdk/2.2.0/src/rp2_common/hardware_flash/flash.c.obj
                0x10005380                flash_get_unique_id
 .text.dcd_init
                0x100053bc       0x90 CMakeFiles/sensor_temperatura.dir/C_/Users/ggrun/.pico-sdk/sdk/2.2.0/lib/tinyusb/src/portable/raspberrypi/rp2040/dcd_rp2040.c.obj
                0x100053bc                dcd_init
 .text.dcd_int_enable
                0x1000544c        0xc CMakeFiles/sensor_temperatura.dir/C_/Users/ggrun/.pico-sdk/sdk/2.2.0/lib/tinyusb/src/portable/raspberrypi/rp2040/dcd_rp2040.c.obj
                0x1000544c                dcd_int_enable
 .text.dcd_set_address
                0x10005458       0x14 CMakeFiles/sensor_temperatura.dir/C_/Users/ggrun/.pico-sdk/sdk/2.2.0/lib/tinyusb/src/portable/raspberrypi/rp2040/dcd_rp2040.c.obj
                0x10005458                dcd_set_address
 .text.dcd_sof_enable
                0x1000546c       0x1c CMakeFiles/sensor_temperatura.dir/C_/Users/ggrun/.pico-sdk/sdk/2.2.0/lib/tinyusb/src/portable/raspberrypi/rp2040/dcd_rp2040.c.obj
                0x1000546c                dcd_sof_enable
 .text.dcd_edpt0_status_complete
                0x10005488       0x1c CMakeFiles/sensor_temperatura.dir/C_/Users/ggrun/.pico-sdk/sdk/2.2.0/lib/tinyusb/src/portable/raspberrypi/rp2040/dcd_rp2040.c.obj
                0x10005488                dcd_edpt0_status_complete
 .text.dcd_edpt_open
                0x100054a4      0x114 CMakeFiles/sensor_temperatura.dir/C_/Users/ggrun/.pico-sdk/sdk/2.2.0/lib/tinyusb/src/portable/raspberrypi/rp2040/dcd_rp2040.c.obj
                0x100054a4                dcd_edpt_open
 .text.dcd_edpt_close_all
                0x100055b8        0x8 CMakeFiles/sensor_temperatura.dir/C_/Users/ggrun/.pico-sdk/sdk/2.2.0/lib/tinyusb/src/portable/raspberrypi/rp2040/dcd_rp2040.c.obj
                0x100055b8                dcd_edpt_close_all
 .text.dcd_edpt_xfer
                0x100055c0       0x24 CMakeFiles/sensor_temperatura.dir/C_/Users/ggrun/.pico-sdk/sdk/2.2.0/lib/tinyusb/src/portable/raspberrypi/rp2040/dcd_rp2040.c.obj
                0x100055c0                dcd_edpt_xfer
 .text.dcd_edpt_stall
                0x100055e4       0x3c CMakeFiles/sensor_temperatura.dir/C_/Users/ggrun/.pico-sdk/sdk/2.2.0/lib/tinyusb/src/portable/raspberrypi/rp2040/dcd_rp2040.c.obj
                0x100055e4                dcd_edpt_stall
 .text.dcd_edpt_clear_stall
                0x10005620       0x30 CMakeFiles/sensor_temperatura.dir/C_/Users/ggrun/.pico-sdk/sdk/2.2.0/lib/tinyusb/src/portable/raspberrypi/rp2040/dcd_rp2040.c.obj
                0x10005620                dcd_edpt_clear_stall
 .text.rp2040_usb_init
                0x10005650       0x40 CMakeFiles/sensor_temperatura.dir/C_/Users/ggrun/.pico-sdk/sdk/2.2.0/lib/tinyusb/src/portable/raspberrypi/rp2040/rp2040_usb.c.obj
                0x10005650                rp2040_usb_init
 .text.hw_endpoint_xfer_start
                0x10005690       0x40 CMakeFiles/sensor_temperatura.dir/C_/Users/ggrun/.pico-sdk/sdk/2.2.0/lib/tinyusb/src/portable/raspberrypi/rp2040/rp2040_usb.c.obj
                0x10005690                hw_endpoint_xfer_start
 .text.tud_event_hook_cb
                0x100056d0        0x4 CMakeFiles/sensor_temperatura.dir/C_/Users/ggrun/.pico-sdk/sdk/2.2.0/lib/tinyusb/src/device/usbd.c.obj
                0x100056d0                tud_event_hook_cb
 .text.tud_sof_cb
                0x100056d4        0x4 CMakeFiles/sensor_temperatura.dir/C_/Users/ggrun/.pico-sdk/sdk/2.2.0/lib/tinyusb/src/device/usbd.c.obj
                0x100056d4                tud_sof_cb
 .text.tud_descriptor_device_qualifier_cb
                0x100056d8        0x4 CMakeFiles/sensor_temperatura.dir/C_/Users/ggrun/.pico-sdk/sdk/2.2.0/lib/tinyusb/src/device/usbd.c.obj
                0x100056d8                tud_descriptor_device_qualifier_cb
 .text.tud_descriptor_other_speed_configuration_cb
                0x100056dc        0x4 CMakeFiles/sensor_temperatura.dir/C_/Users/ggrun/.pico-sdk/sdk/2.2.0/lib/tinyusb/src/device/usbd.c.obj
                0x100056dc                tud_descriptor_other_speed_configuration_cb
 .text.tud_mount_cb
                0x100056e0        0x4 CMakeFiles/sensor_temperatura.dir/C_/Users/ggrun/.pico-sdk/sdk/2.2.0/lib/tinyusb/src/device/usbd.c.obj
                0x100056e0                tud_mount_cb
 .text.tud_umount_cb
                0x100056e4        0x4 CMakeFiles/sensor_temperatura.dir/C_/Users/ggrun/.pico-sdk/sdk/2.2.0/lib/tinyusb/src/device/usbd.c.obj
                0x100056e4                tud_umount_cb
 .text.tud_suspend_cb
                0x100056e8        0x4 CMakeFiles/sensor_temperatura.dir/C_/Users/ggrun/.pico-sdk/sdk/2.2.0/lib/tinyusb/src/device/usbd.c.obj
                0x100056e8                tud_suspend_cb
 .text.tud_resume_cb
                0x100056ec        0x4 CMakeFiles/sensor_temperatura.dir/C_/Users/ggrun/.pico-sdk/sdk/2.2.0/lib/tinyusb/src/device/usbd.c.obj
                0x100056ec                tud_resume_cb
 .text.tud_mounted
                0x100056f0       0x10 CMakeFiles/sensor_temperatura.dir/C_/Users/ggrun/.pico-sdk/sdk/2.2.0/lib/tinyusb/src/device/usbd.c.obj
                0x100056f0                tud_mounted
 .text.tud_suspended
                0x10005700       0x10 CMakeFiles/sensor_temperatura.dir/C_/Users/ggrun/.pico-sdk/sdk/2.2.0/lib/tinyusb/src/device/usbd.c.obj
                0x10005700                tud_suspended
 .text.tud_rhport_init
                0x10005710       0xf4 CMakeFiles/sensor_temperatura.dir/C_/Users/ggrun/.pico-sdk/sdk/2.2.0/lib/tinyusb/src/device/usbd.c.obj
                0x10005710                tud_rhport_init
 .text.tud_task_ext
                0x10005804      0x800 CMakeFiles/sensor_temperatura.dir/C_/Users/ggrun/.pico-sdk/sdk/2.2.0/lib/tinyusb/src/device/usbd.c.obj
                0x10005804                tud_task_ext
 .text.usbd_open_edpt_pair
                0x10006004       0x9c CMakeFiles/sensor_temperatura.dir/C_/Users/ggrun/.pico-sdk/sdk/2.2.0/lib/tinyusb/src/device/usbd.c.obj
                0x10006004                usbd_open_edpt_pair
 .text.usbd_edpt_open
                0x100060a0       0x34 CMakeFiles/sensor_temperatura.dir/C_/Users/ggrun/.pico-sdk/sdk/2.2.0/lib/tinyusb/src/device/usbd.c.obj
                0x100060a0                usbd_edpt_open
 .text.usbd_edpt_claim
                0x100060d4       0x28 CMakeFiles/sensor_temperatura.dir/C_/Users/ggrun/.pico-sdk/sdk/2.2.0/lib/tinyusb/src/device/usbd.c.obj
                0x100060d4                usbd_edpt_claim
 .text.usbd_edpt_release
                0x100060fc       0x28 CMakeFiles/sensor_temperatura.dir/C_/Users/ggrun/.pico-sdk/sdk/2.2.0/lib/tinyusb/src/device/usbd.c.obj
                0x100060fc                usbd_edpt_release
 .text.usbd_edpt_xfer
                0x10006124       0x4c CMakeFiles/sensor_temperatura.dir/C_/Users/ggrun/.pico-sdk/sdk/2.2.0/lib/tinyusb/src/device/usbd.c.obj
                0x10006124                usbd_edpt_xfer
 .text.tud_control_status
                0x10006170       0x2c CMakeFiles/sensor_temperatura.dir/C_/Users/ggrun/.pico-sdk/sdk/2.2.0/lib/tinyusb/src/device/usbd_control.c.obj
                0x10006170                tud_control_status
 .text.tud_control_xfer
                0x1000619c       0xa8 CMakeFiles/sensor_temperatura.dir/C_/Users/ggrun/.pico-sdk/sdk/2.2.0/lib/tinyusb/src/device/usbd_control.c.obj
                0x1000619c                tud_control_xfer
 .text.usbd_control_reset
                0x10006244       0x14 CMakeFiles/sensor_temperatura.dir/C_/Users/ggrun/.pico-sdk/sdk/2.2.0/lib/tinyusb/src/device/usbd_control.c.obj
                0x10006244                usbd_control_reset
 .text.usbd_control_set_complete_callback
                0x10006258        0xc CMakeFiles/sensor_temperatura.dir/C_/Users/ggrun/.pico-sdk/sdk/2.2.0/lib/tinyusb/src/device/usbd_control.c.obj
                0x10006258                usbd_control_set_complete_callback
 .text.usbd_control_set_request
                0x10006264       0x1c CMakeFiles/sensor_temperatura.dir/C_/Users/ggrun/.pico-sdk/sdk/2.2.0/lib/tinyusb/src/device/usbd_control.c.obj
                0x10006264                usbd_control_set_request
 .text.usbd_control_xfer_cb
                0x10006280       0xec CMakeFiles/sensor_temperatura.dir/C_/Users/ggrun/.pico-sdk/sdk/2.2.0/lib/tinyusb/src/device/usbd_control.c.obj
                0x10006280                usbd_control_xfer_cb
 .text._prep_out_transaction.isra.0
                0x1000636c       0x6c CMakeFiles/sensor_temperatura.dir/C_/Users/ggrun/.pico-sdk/sdk/2.2.0/lib/tinyusb/src/class/cdc/cdc_device.c.obj
 .text.tud_cdc_n_connected
                0x100063d8       0x2c CMakeFiles/sensor_temperatura.dir/C_/Users/ggrun/.pico-sdk/sdk/2.2.0/lib/tinyusb/src/class/cdc/cdc_device.c.obj
                0x100063d8                tud_cdc_n_connected
 .text.tud_cdc_n_available
                0x10006404       0x14 CMakeFiles/sensor_temperatura.dir/C_/Users/ggrun/.pico-sdk/sdk/2.2.0/lib/tinyusb/src/class/cdc/cdc_device.c.obj
                0x10006404                tud_cdc_n_available
 .text.tud_cdc_n_read
                0x10006418       0x88 CMakeFiles/sensor_temperatura.dir/C_/Users/ggrun/.pico-sdk/sdk/2.2.0/lib/tinyusb/src/class/cdc/cdc_device.c.obj
                0x10006418                tud_cdc_n_read
 .text.tud_cdc_n_write_flush
                0x100064a0       0x74 CMakeFiles/sensor_temperatura.dir/C_/Users/ggrun/.pico-sdk/sdk/2.2.0/lib/tinyusb/src/class/cdc/cdc_device.c.obj
                0x100064a0                tud_cdc_n_write_flush
 .text.tud_cdc_n_write
                0x10006514       0x40 CMakeFiles/sensor_temperatura.dir/C_/Users/ggrun/.pico-sdk/sdk/2.2.0/lib/tinyusb/src/class/cdc/cdc_device.c.obj
                0x10006514                tud_cdc_n_write
 .text.tud_cdc_n_write_available
                0x10006554       0x14 CMakeFiles/sensor_temperatura.dir/C_/Users/ggrun/.pico-sdk/sdk/2.2.0/lib/tinyusb/src/class/cdc/cdc_device.c.obj
                0x10006554                tud_cdc_n_write_available
 .text.cdcd_init
                0x10006568       0x70 CMakeFiles/sensor_temperatura.dir/C_/Users/ggrun/.pico-sdk/sdk/2.2.0/lib/tinyusb/src/class/cdc/cdc_device.c.obj
                0x10006568                cdcd_init
 .text.cdcd_deinit
                0x100065d8       0x30 CMakeFiles/sensor_temperatura.dir/C_/Users/ggrun/.pico-sdk/sdk/2.2.0/lib/tinyusb/src/class/cdc/cdc_device.c.obj
                0x100065d8                cdcd_deinit
 .text.cdcd_reset
                0x10006608       0x4c CMakeFiles/sensor_temperatura.dir/C_/Users/ggrun/.pico-sdk/sdk/2.2.0/lib/tinyusb/src/class/cdc/cdc_device.c.obj
                0x10006608                cdcd_reset
 .text.cdcd_open
                0x10006654       0xa4 CMakeFiles/sensor_temperatura.dir/C_/Users/ggrun/.pico-sdk/sdk/2.2.0/lib/tinyusb/src/class/cdc/cdc_device.c.obj
                0x10006654                cdcd_open
 .text.cdcd_control_xfer_cb
                0x100066f8       0xe8 CMakeFiles/sensor_temperatura.dir/C_/Users/ggrun/.pico-sdk/sdk/2.2.0/lib/tinyusb/src/class/cdc/cdc_device.c.obj
                0x100066f8                cdcd_control_xfer_cb
 .text.cdcd_xfer_cb
                0x100067e0      0x100 CMakeFiles/sensor_temperatura.dir/C_/Users/ggrun/.pico-sdk/sdk/2.2.0/lib/tinyusb/src/class/cdc/cdc_device.c.obj
                0x100067e0                cdcd_xfer_cb
 .text.vendord_init
                0x100068e0       0x5c CMakeFiles/sensor_temperatura.dir/C_/Users/ggrun/.pico-sdk/sdk/2.2.0/lib/tinyusb/src/class/vendor/vendor_device.c.obj
                0x100068e0                vendord_init
 .text.vendord_deinit
                0x1000693c       0x1c CMakeFiles/sensor_temperatura.dir/C_/Users/ggrun/.pico-sdk/sdk/2.2.0/lib/tinyusb/src/class/vendor/vendor_device.c.obj
                0x1000693c                vendord_deinit
 .text.vendord_reset
                0x10006958       0x28 CMakeFiles/sensor_temperatura.dir/C_/Users/ggrun/.pico-sdk/sdk/2.2.0/lib/tinyusb/src/class/vendor/vendor_device.c.obj
                0x10006958                vendord_reset
 .text.vendord_open
                0x10006980      0x120 CMakeFiles/sensor_temperatura.dir/C_/Users/ggrun/.pico-sdk/sdk/2.2.0/lib/tinyusb/src/class/vendor/vendor_device.c.obj
                0x10006980                vendord_open
 .text.vendord_xfer_cb
                0x10006aa0       0x9c CMakeFiles/sensor_temperatura.dir/C_/Users/ggrun/.pico-sdk/sdk/2.2.0/lib/tinyusb/src/class/vendor/vendor_device.c.obj
                0x10006aa0                vendord_xfer_cb
 .text.tusb_rhport_init
                0x10006b3c       0x4c CMakeFiles/sensor_temperatura.dir/C_/Users/ggrun/.pico-sdk/sdk/2.2.0/lib/tinyusb/src/tusb.c.obj
                0x10006b3c                tusb_rhport_init
 .text.tu_edpt_claim
                0x10006b88       0x50 CMakeFiles/sensor_temperatura.dir/C_/Users/ggrun/.pico-sdk/sdk/2.2.0/lib/tinyusb/src/tusb.c.obj
                0x10006b88                tu_edpt_claim
 .text.tu_edpt_release
                0x10006bd8       0x38 CMakeFiles/sensor_temperatura.dir/C_/Users/ggrun/.pico-sdk/sdk/2.2.0/lib/tinyusb/src/tusb.c.obj
                0x10006bd8                tu_edpt_release
 .text.tu_edpt_validate
                0x10006c10       0x7c CMakeFiles/sensor_temperatura.dir/C_/Users/ggrun/.pico-sdk/sdk/2.2.0/lib/tinyusb/src/tusb.c.obj
                0x10006c10                tu_edpt_validate
 .text.tu_edpt_bind_driver
                0x10006c8c       0x34 CMakeFiles/sensor_temperatura.dir/C_/Users/ggrun/.pico-sdk/sdk/2.2.0/lib/tinyusb/src/tusb.c.obj
                0x10006c8c                tu_edpt_bind_driver
 .text.tu_edpt_stream_init
                0x10006cc0       0x6c CMakeFiles/sensor_temperatura.dir/C_/Users/ggrun/.pico-sdk/sdk/2.2.0/lib/tinyusb/src/tusb.c.obj
                0x10006cc0                tu_edpt_stream_init
 .text.tu_edpt_stream_deinit
                0x10006d2c        0x4 CMakeFiles/sensor_temperatura.dir/C_/Users/ggrun/.pico-sdk/sdk/2.2.0/lib/tinyusb/src/tusb.c.obj
                0x10006d2c                tu_edpt_stream_deinit
 .text.tu_edpt_stream_write_zlp_if_needed
                0x10006d30       0x68 CMakeFiles/sensor_temperatura.dir/C_/Users/ggrun/.pico-sdk/sdk/2.2.0/lib/tinyusb/src/tusb.c.obj
                0x10006d30                tu_edpt_stream_write_zlp_if_needed
 .text.tu_edpt_stream_write_xfer
                0x10006d98       0x68 CMakeFiles/sensor_temperatura.dir/C_/Users/ggrun/.pico-sdk/sdk/2.2.0/lib/tinyusb/src/tusb.c.obj
                0x10006d98                tu_edpt_stream_write_xfer
 .text.tu_edpt_stream_read_xfer
                0x10006e00       0xd8 CMakeFiles/sensor_temperatura.dir/C_/Users/ggrun/.pico-sdk/sdk/2.2.0/lib/tinyusb/src/tusb.c.obj
                0x10006e00                tu_edpt_stream_read_xfer
 .text.tu_fifo_config
                0x10006ed8       0x6c CMakeFiles/sensor_temperatura.dir/C_/Users/ggrun/.pico-sdk/sdk/2.2.0/lib/tinyusb/src/common/tusb_fifo.c.obj
                0x10006ed8                tu_fifo_config
 .text.tu_fifo_count
                0x10006f44       0x2c CMakeFiles/sensor_temperatura.dir/C_/Users/ggrun/.pico-sdk/sdk/2.2.0/lib/tinyusb/src/common/tusb_fifo.c.obj
                0x10006f44                tu_fifo_count
 .text.tu_fifo_empty
                0x10006f70       0x10 CMakeFiles/sensor_temperatura.dir/C_/Users/ggrun/.pico-sdk/sdk/2.2.0/lib/tinyusb/src/common/tusb_fifo.c.obj
                0x10006f70                tu_fifo_empty
 .text.tu_fifo_remaining
                0x10006f80       0x2c CMakeFiles/sensor_temperatura.dir/C_/Users/ggrun/.pico-sdk/sdk/2.2.0/lib/tinyusb/src/common/tusb_fifo.c.obj
                0x10006f80                tu_fifo_remaining
 .text.tu_fifo_read
                0x10006fac       0x9c CMakeFiles/sensor_temperatura.dir/C_/Users/ggrun/.pico-sdk/sdk/2.2.0/lib/tinyusb/src/common/tusb_fifo.c.obj
                0x10006fac                tu_fifo_read
 .text.tu_fifo_read_n
                0x10007048       0xe8 CMakeFiles/sensor_temperatura.dir/C_/Users/ggrun/.pico-sdk/sdk/2.2.0/lib/tinyusb/src/common/tusb_fifo.c.obj
                0x10007048                tu_fifo_read_n
 .text.tu_fifo_write
                0x10007130       0xa4 CMakeFiles/sensor_temperatura.dir/C_/Users/ggrun/.pico-sdk/sdk/2.2.0/lib/tinyusb/src/common/tusb_fifo.c.obj
                0x10007130                tu_fifo_write
 .text.tu_fifo_write_n
                0x100071d4      0x178 CMakeFiles/sensor_temperatura.dir/C_/Users/ggrun/.pico-sdk/sdk/2.2.0/lib/tinyusb/src/common/tusb_fifo.c.obj
                0x100071d4                tu_fifo_write_n
 .text.tu_fifo_clear
                0x1000734c       0x40 CMakeFiles/sensor_temperatura.dir/C_/Users/ggrun/.pico-sdk/sdk/2.2.0/lib/tinyusb/src/common/tusb_fifo.c.obj
                0x1000734c                tu_fifo_clear
 .text.tu_fifo_set_overwritable
                0x1000738c       0x48 CMakeFiles/sensor_temperatura.dir/C_/Users/ggrun/.pico-sdk/sdk/2.2.0/lib/tinyusb/src/common/tusb_fifo.c.obj
                0x1000738c                tu_fifo_set_overwritable
 .text.adc_init
                0x100073d4       0x38 CMakeFiles/sensor_temperatura.dir/C_/Users/ggrun/.pico-sdk/sdk/2.2.0/src/rp2_common/hardware_adc/adc.c.obj
                0x100073d4                adc_init
 .text.i2c_write_blocking_internal.constprop.0
                0x1000740c       0xf8 CMakeFiles/sensor_temperatura.dir/C_/Users/ggrun/.pico-sdk/sdk/2.2.0/src/rp2_common/hardware_i2c/i2c.c.obj
 .text.i2c_set_baudrate
                0x10007504       0xc0 CMakeFiles/sensor_temperatura.dir/C_/Users/ggrun/.pico-sdk/sdk/2.2.0/src/rp2_common/hardware_i2c/i2c.c.obj
                0x10007504                i2c_set_baudrate
 .text.i2c_init
                0x100075c4       0x50 CMakeFiles/sensor_temperatura.dir/C_/Users/ggrun/.pico-sdk/sdk/2.2.0/src/rp2_common/hardware_i2c/i2c.c.obj
                0x100075c4                i2c_init
 .text.i2c_write_blocking
                0x10007614       0x14 CMakeFiles/sensor_temperatura.dir/C_/Users/ggrun/.pico-sdk/sdk/2.2.0/src/rp2_common/hardware_i2c/i2c.c.obj
                0x10007614                i2c_write_blocking
 .text.malloc   0x10007628       0x14 C:/Users/ggrun/.pico-sdk/toolchain/14_2_Rel1/bin/../lib/gcc/arm-none-eabi/14.2.1/thumb/v6-m/nofp\libg.a(libc_a-malloc.o)
                0x10007628                malloc
 .text._malloc_r
                0x1000763c      0x5cc C:/Users/ggrun/.pico-sdk/toolchain/14_2_Rel1/bin/../lib/gcc/arm-none-eabi/14.2.1/thumb/v6-m/nofp\libg.a(libc_a-mallocr.o)
                0x1000763c                _malloc_r
 .text.__malloc_lock
                0x10007c08       0x10 C:/Users/ggrun/.pico-sdk/toolchain/14_2_Rel1/bin/../lib/gcc/arm-none-eabi/14.2.1/thumb/v6-m/nofp\libg.a(libc_a-mlock.o)
                0x10007c08                __malloc_lock
 .text.__malloc_unlock
                0x10007c18       0x10 C:/Users/ggrun/.pico-sdk/toolchain/14_2_Rel1/bin/../lib/gcc/arm-none-eabi/14.2.1/thumb/v6-m/nofp\libg.a(libc_a-mlock.o)
                0x10007c18                __malloc_unlock
 .text._sbrk_r  0x10007c28       0x24 C:/Users/ggrun/.pico-sdk/toolchain/14_2_Rel1/bin/../lib/gcc/arm-none-eabi/14.2.1/thumb/v6-m/nofp\libg.a(libc_a-sbrkr.o)
                0x10007c28                _sbrk_r
 .text.__errno  0x10007c4c        0xc C:/Users/ggrun/.pico-sdk/toolchain/14_2_Rel1/bin/../lib/gcc/arm-none-eabi/14.2.1/thumb/v6-m/nofp\libg.a(libc_a-errno.o)
                0x10007c4c                __errno
 .text.__retarget_lock_acquire_recursive
                0x10007c58        0x4 C:/Users/ggrun/.pico-sdk/toolchain/14_2_Rel1/bin/../lib/gcc/arm-none-eabi/14.2.1/thumb/v6-m/nofp\libg.a(libc_a-lock.o)
                0x10007c58                __retarget_lock_acquire_recursive
 .text.__retarget_lock_release_recursive
                0x10007c5c        0x4 C:/Users/ggrun/.pico-sdk/toolchain/14_2_Rel1/bin/../lib/gcc/arm-none-eabi/14.2.1/thumb/v6-m/nofp\libg.a(libc_a-lock.o)
                0x10007c5c                __retarget_lock_release_recursive
 .text.sysconf  0x10007c60       0x1c C:/Users/ggrun/.pico-sdk/toolchain/14_2_Rel1/bin/../lib/gcc/arm-none-eabi/14.2.1/thumb/v6-m/nofp\libg.a(libc_a-sysconf.o)
                0x10007c60                sysconf
 .text.strlen   0x10007c7c       0x5c C:/Users/ggrun/.pico-sdk/toolchain/14_2_Rel1/bin/../lib/gcc/arm-none-eabi/14.2.1/thumb/v6-m/nofp\libg.a(libc_a-strlen-stub.o)
                0x10007c7c                strlen
 .text._malloc_trim_r
                0x10007cd8       0xb4 C:/Users/ggrun/.pico-sdk/toolchain/14_2_Rel1/bin/../lib/gcc/arm-none-eabi/14.2.1/thumb/v6-m/nofp\libg.a(libc_a-freer.o)
                0x10007cd8                _malloc_trim_r
 .text._free_r  0x10007d8c      0x1f0 C:/Users/ggrun/.pico-sdk/toolchain/14_2_Rel1/bin/../lib/gcc/arm-none-eabi/14.2.1/thumb/v6-m/nofp\libg.a(libc_a-freer.o)
                0x10007d8c                _free_r
 *(.fini)
 .fini          0x10007f7c        0x4 C:/Users/ggrun/.pico-sdk/toolchain/14_2_Rel1/bin/../lib/gcc/arm-none-eabi/14.2.1/thumb/v6-m/nofp/crti.o
                0x10007f7c                _fini
 .fini.__stub   0x10007f80       0xc0 linker stubs
 *crtbegin.o(.ctors)
 *crtbegin?.o(.ctors)
 *(EXCLUDE_FILE(*crtend.o *crtend?.o) .ctors)
 *(SORT_BY_NAME(.ctors.*))
 *(.ctors)
 *crtbegin.o(.dtors)
 *crtbegin?.o(.dtors)
 *(EXCLUDE_FILE(*crtend.o *crtend?.o) .dtors)
 *(SORT_BY_NAME(.dtors.*))
 *(.dtors)
                0x10008040                        . = ALIGN (0x4)
                0x10008040                        PROVIDE (__preinit_array_start = .)
 *(SORT_BY_NAME(.preinit_array.*))
 .preinit_array.00100
                0x10008040        0x4 CMakeFiles/sensor_temperatura.dir/C_/Users/ggrun/.pico-sdk/sdk/2.2.0/src/rp2_common/pico_runtime_init/runtime_init.c.obj
                0x10008040                __pre_init_runtime_init_early_resets
 .preinit_array.00101
                0x10008044        0x4 CMakeFiles/sensor_temperatura.dir/C_/Users/ggrun/.pico-sdk/sdk/2.2.0/src/rp2_common/pico_runtime_init/runtime_init.c.obj
                0x10008044                __pre_init_runtime_init_usb_power_down
 .preinit_array.00275
                0x10008048        0x4 CMakeFiles/sensor_temperatura.dir/C_/Users/ggrun/.pico-sdk/sdk/2.2.0/src/rp2_common/pico_bit_ops/bit_ops_aeabi.S.obj
 .preinit_array.00300
                0x1000804c        0x4 CMakeFiles/sensor_temperatura.dir/C_/Users/ggrun/.pico-sdk/sdk/2.2.0/src/rp2_common/pico_mem_ops/mem_ops_aeabi.S.obj
 .preinit_array.00350
                0x10008050        0x4 CMakeFiles/sensor_temperatura.dir/C_/Users/ggrun/.pico-sdk/sdk/2.2.0/src/rp2_common/pico_double/double_aeabi_rp2040.S.obj
 .preinit_array.00350
                0x10008054        0x4 CMakeFiles/sensor_temperatura.dir/C_/Users/ggrun/.pico-sdk/sdk/2.2.0/src/rp2_common/pico_float/float_aeabi_rp2040.S.obj
 .preinit_array.00500
                0x10008058        0x4 CMakeFiles/sensor_temperatura.dir/C_/Users/ggrun/.pico-sdk/sdk/2.2.0/src/rp2_common/pico_runtime_init/runtime_init.c.obj
                0x10008058                __pre_init_runtime_init_clocks
 .preinit_array.00600
                0x1000805c        0x4 CMakeFiles/sensor_temperatura.dir/C_/Users/ggrun/.pico-sdk/sdk/2.2.0/src/rp2_common/pico_runtime_init/runtime_init.c.obj
                0x1000805c                __pre_init_runtime_init_post_clock_resets
 .preinit_array.00700
                0x10008060        0x4 CMakeFiles/sensor_temperatura.dir/C_/Users/ggrun/.pico-sdk/sdk/2.2.0/src/rp2_common/pico_runtime_init/runtime_init.c.obj
                0x10008060                __pre_init_runtime_init_rp2040_gpio_ie_disable
 .preinit_array.01000
                0x10008064        0x4 CMakeFiles/sensor_temperatura.dir/C_/Users/ggrun/.pico-sdk/sdk/2.2.0/src/rp2_common/pico_runtime_init/runtime_init.c.obj
                0x10008064                __pre_init_runtime_init_spin_locks_reset
 .preinit_array.01100
                0x10008068        0x4 CMakeFiles/sensor_temperatura.dir/C_/Users/ggrun/.pico-sdk/sdk/2.2.0/src/common/pico_sync/mutex.c.obj
                0x10008068                __pre_init_runtime_init_mutex
 .preinit_array.10080
                0x1000806c        0x4 CMakeFiles/sensor_temperatura.dir/C_/Users/ggrun/.pico-sdk/sdk/2.2.0/src/rp2_common/pico_runtime_init/runtime_init.c.obj
                0x1000806c                __pre_init_runtime_init_install_ram_vector_table
 .preinit_array.11000
                0x10008070        0x4 CMakeFiles/sensor_temperatura.dir/C_/Users/ggrun/.pico-sdk/sdk/2.2.0/src/common/pico_time/time.c.obj
                0x10008070                __pre_init_runtime_init_default_alarm_pool
 .preinit_array.YYYYY
                0x10008074        0x4 CMakeFiles/sensor_temperatura.dir/C_/Users/ggrun/.pico-sdk/sdk/2.2.0/src/rp2_common/pico_runtime/runtime.c.obj
                0x10008074                __pre_init_first_per_core_initializer
 .preinit_array.ZZZZZ.01200
                0x10008078        0x4 CMakeFiles/sensor_temperatura.dir/C_/Users/ggrun/.pico-sdk/sdk/2.2.0/src/rp2_common/hardware_irq/irq.c.obj
                0x10008078                __pre_init_runtime_init_per_core_irq_priorities
 *(.preinit_array)
                0x1000807c                        PROVIDE (__preinit_array_end = .)
                0x1000807c                        . = ALIGN (0x4)
                0x1000807c                        PROVIDE (__init_array_start = .)
 *(SORT_BY_NAME(.init_array.*))
 .init_array.01000
                0x1000807c        0x4 CMakeFiles/sensor_temperatura.dir/C_/Users/ggrun/.pico-sdk/sdk/2.2.0/src/rp2_common/pico_unique_id/unique_id.c.obj
 *(.init_array)
 .init_array    0x10008080        0x4 C:/Users/ggrun/.pico-sdk/toolchain/14_2_Rel1/bin/../lib/gcc/arm-none-eabi/14.2.1/thumb/v6-m/nofp/crtbegin.o
                0x10008084                        PROVIDE (__init_array_end = .)
                0x10008084                        . = ALIGN (0x4)
                [!provide]                        PROVIDE (__fini_array_start = .)
 *(SORT_BY_NAME(.fini_array.*))
 *(.fini_array)
                [!provide]                        PROVIDE (__fini_array_end = .)
 *(.eh_frame*)
 .eh_frame      0x10008084        0x0 C:/Users/ggrun/.pico-sdk/toolchain/14_2_Rel1/bin/../lib/gcc/arm-none-eabi/14.2.1/thumb/v6-m/nofp/crtbegin.o
                0x10008084                        . = ALIGN (0x4)

.glue_7         0x10008084        0x0
 .glue_7        0x10008084        0x0 linker stubs

.glue_7t        0x10008084        0x0
 .glue_7t       0x10008084        0x0 linker stubs

.vfp11_veneer   0x10008084        0x0
 .vfp11_veneer  0x10008084        0x0 linker stubs

.v4_bx          0x10008084        0x0
 .v4_bx         0x10008084        0x0 linker stubs

.iplt           0x10008084        0x0
 .iplt          0x10008084        0x0 C:/Users/ggrun/.pico-sdk/toolchain/14_2_Rel1/bin/../lib/gcc/arm-none-eabi/14.2.1/thumb/v6-m/nofp/crtbegin.o

.rodata         0x10008088      0x86c
 *(EXCLUDE_FILE(*libm.a: *libc.a:*lib_a-mem*.o *libgcc.a:) .rodata*)
 .rodata.main.str1.4
                0x10008088      0x1e8 CMakeFiles/sensor_temperatura.dir/Termometro.c.obj
                                  0xf (size before relaxing)
 .rodata.ssd1306_init.str1.4
                0x10008270       0x3f CMakeFiles/sensor_temperatura.dir/pico-ssd1306-main/ssd1306.c.obj
 .rodata.ssd1306_show.str1.4
                0x10008270        0xd CMakeFiles/sensor_temperatura.dir/pico-ssd1306-main/ssd1306.c.obj
 .rodata.font_8x5
                0x10008270      0x1e0 CMakeFiles/sensor_temperatura.dir/pico-ssd1306-main/ssd1306.c.obj
                0x10008270                font_8x5
 .rodata.panic.str1.4
                0x10008450       0x12 CMakeFiles/sensor_temperatura.dir/C_/Users/ggrun/.pico-sdk/sdk/2.2.0/src/rp2_common/pico_platform_panic/panic.c.obj
 .rodata.spin_lock_claim_unused.str1.4
                0x10008450       0x1b CMakeFiles/sensor_temperatura.dir/C_/Users/ggrun/.pico-sdk/sdk/2.2.0/src/rp2_common/hardware_sync/sync.c.obj
 .rodata.user_irq_claim_unused.str1.4
                0x10008450       0x1b CMakeFiles/sensor_temperatura.dir/C_/Users/ggrun/.pico-sdk/sdk/2.2.0/src/rp2_common/hardware_irq/irq.c.obj
 .rodata.timer_hardware_alarm_claim.str1.4
                0x10008450       0x22 CMakeFiles/sensor_temperatura.dir/C_/Users/ggrun/.pico-sdk/sdk/2.2.0/src/rp2_common/hardware_timer/timer.c.obj
 .rodata.hard_assertion_failure.str1.4
                0x10008450        0xc CMakeFiles/sensor_temperatura.dir/C_/Users/ggrun/.pico-sdk/sdk/2.2.0/src/rp2_common/pico_runtime/runtime.c.obj
 .rodata.__wrap_malloc.str1.4
                0x10008450        0xe CMakeFiles/sensor_temperatura.dir/C_/Users/ggrun/.pico-sdk/sdk/2.2.0/src/rp2_common/pico_malloc/malloc.c.obj
 .rodata.str1.4
                0x10008450       0x48 CMakeFiles/sensor_temperatura.dir/C_/Users/ggrun/.pico-sdk/sdk/2.2.0/src/rp2_common/pico_standard_binary_info/standard_binary_info.c.obj
 .rodata.__bi_84
                0x10008450        0xc CMakeFiles/sensor_temperatura.dir/C_/Users/ggrun/.pico-sdk/sdk/2.2.0/src/rp2_common/pico_standard_binary_info/standard_binary_info.c.obj
 .rodata.__bi_78
                0x1000845c        0xc CMakeFiles/sensor_temperatura.dir/C_/Users/ggrun/.pico-sdk/sdk/2.2.0/src/rp2_common/pico_standard_binary_info/standard_binary_info.c.obj
 .rodata.__bi_54
                0x10008468        0xc CMakeFiles/sensor_temperatura.dir/C_/Users/ggrun/.pico-sdk/sdk/2.2.0/src/rp2_common/pico_standard_binary_info/standard_binary_info.c.obj
 .rodata.__bi_48
                0x10008474        0xc CMakeFiles/sensor_temperatura.dir/C_/Users/ggrun/.pico-sdk/sdk/2.2.0/src/rp2_common/pico_standard_binary_info/standard_binary_info.c.obj
 .rodata.__bi_42
                0x10008480        0xc CMakeFiles/sensor_temperatura.dir/C_/Users/ggrun/.pico-sdk/sdk/2.2.0/src/rp2_common/pico_standard_binary_info/standard_binary_info.c.obj
 .rodata.__bi_34
                0x1000848c        0xc CMakeFiles/sensor_temperatura.dir/C_/Users/ggrun/.pico-sdk/sdk/2.2.0/src/rp2_common/pico_standard_binary_info/standard_binary_info.c.obj
 .rodata.__bi_26
                0x10008498        0xc CMakeFiles/sensor_temperatura.dir/C_/Users/ggrun/.pico-sdk/sdk/2.2.0/src/rp2_common/pico_standard_binary_info/standard_binary_info.c.obj
 .rodata._ftoa.str1.4
                0x100084a4       0x15 CMakeFiles/sensor_temperatura.dir/C_/Users/ggrun/.pico-sdk/sdk/2.2.0/src/rp2_common/pico_printf/printf.c.obj
 .rodata._vsnprintf
                0x100084a4      0x19c CMakeFiles/sensor_temperatura.dir/C_/Users/ggrun/.pico-sdk/sdk/2.2.0/src/rp2_common/pico_printf/printf.c.obj
 .rodata.pow10.0
                0x10008640       0x50 CMakeFiles/sensor_temperatura.dir/C_/Users/ggrun/.pico-sdk/sdk/2.2.0/src/rp2_common/pico_printf/printf.c.obj
 .rodata.crlf_str.0
                0x10008690        0x2 CMakeFiles/sensor_temperatura.dir/C_/Users/ggrun/.pico-sdk/sdk/2.2.0/src/rp2_common/pico_stdio/stdio.c.obj
 *fill*         0x10008692        0x2 
 .rodata._resetd_driver
                0x10008694       0x20 CMakeFiles/sensor_temperatura.dir/C_/Users/ggrun/.pico-sdk/sdk/2.2.0/src/rp2_common/pico_stdio_usb/reset_interface.c.obj
 .rodata.desc_ms_os_20
                0x100086b4       0xa6 CMakeFiles/sensor_temperatura.dir/C_/Users/ggrun/.pico-sdk/sdk/2.2.0/src/rp2_common/pico_stdio_usb/reset_interface.c.obj
 *fill*         0x1000875a        0x2 
 .rodata.desc_bos
                0x1000875c       0x21 CMakeFiles/sensor_temperatura.dir/C_/Users/ggrun/.pico-sdk/sdk/2.2.0/src/rp2_common/pico_stdio_usb/reset_interface.c.obj
                0x1000875c                desc_bos
 .rodata.str1.4
                0x1000877d       0x13 CMakeFiles/sensor_temperatura.dir/C_/Users/ggrun/.pico-sdk/sdk/2.2.0/src/rp2_common/pico_stdio_usb/stdio_usb.c.obj
 *fill*         0x1000877d        0x3 
 .rodata.__bi_202.0
                0x10008780        0xc CMakeFiles/sensor_temperatura.dir/C_/Users/ggrun/.pico-sdk/sdk/2.2.0/src/rp2_common/pico_stdio_usb/stdio_usb.c.obj
 .rodata.str1.4
                0x1000878c       0x2a CMakeFiles/sensor_temperatura.dir/C_/Users/ggrun/.pico-sdk/sdk/2.2.0/src/rp2_common/pico_stdio_usb/stdio_usb_descriptors.c.obj
 .rodata.usbd_desc_str
                0x1000878c       0x18 CMakeFiles/sensor_temperatura.dir/C_/Users/ggrun/.pico-sdk/sdk/2.2.0/src/rp2_common/pico_stdio_usb/stdio_usb_descriptors.c.obj
 .rodata.usbd_desc_cfg
                0x100087a4       0x54 CMakeFiles/sensor_temperatura.dir/C_/Users/ggrun/.pico-sdk/sdk/2.2.0/src/rp2_common/pico_stdio_usb/stdio_usb_descriptors.c.obj
 .rodata.usbd_desc_device
                0x100087f8       0x12 CMakeFiles/sensor_temperatura.dir/C_/Users/ggrun/.pico-sdk/sdk/2.2.0/src/rp2_common/pico_stdio_usb/stdio_usb_descriptors.c.obj
 .rodata.str1.4
                0x1000880a       0x14 CMakeFiles/sensor_temperatura.dir/C_/Users/ggrun/.pico-sdk/sdk/2.2.0/lib/tinyusb/src/portable/raspberrypi/rp2040/dcd_rp2040.c.obj
 .rodata.str1.4
                0x1000880a       0x48 CMakeFiles/sensor_temperatura.dir/C_/Users/ggrun/.pico-sdk/sdk/2.2.0/lib/tinyusb/src/portable/raspberrypi/rp2040/rp2040_usb.c.obj
 *fill*         0x1000880a        0x2 
 .rodata.tud_task_ext
                0x1000880c       0x8c CMakeFiles/sensor_temperatura.dir/C_/Users/ggrun/.pico-sdk/sdk/2.2.0/lib/tinyusb/src/device/usbd.c.obj
 .rodata        0x10008898       0x1c CMakeFiles/sensor_temperatura.dir/C_/Users/ggrun/.pico-sdk/sdk/2.2.0/lib/tinyusb/src/device/usbd.c.obj
 .rodata._usbd_driver
                0x100088b4       0x40 CMakeFiles/sensor_temperatura.dir/C_/Users/ggrun/.pico-sdk/sdk/2.2.0/lib/tinyusb/src/device/usbd.c.obj
                0x100088f4                        . = ALIGN (0x4)
 *(SORT_BY_ALIGNMENT(SORT_BY_NAME(.flashdata*)))
                0x100088f4                        . = ALIGN (0x4)

.ARM.extab
 *(.ARM.extab* .gnu.linkonce.armextab.*)
                0x100088f4                        __exidx_start = .

.ARM.exidx
 *(.ARM.exidx* .gnu.linkonce.armexidx.*)
                0x100088f4                        __exidx_end = .
                0x100088f4                        . = ALIGN (0x4)
                0x100088f4                        __binary_info_start = .

.binary_info    0x100088f4       0x20
 *(.binary_info.keep.*)
 .binary_info.keep.__bi_ptr84
                0x100088f4        0x4 CMakeFiles/sensor_temperatura.dir/C_/Users/ggrun/.pico-sdk/sdk/2.2.0/src/rp2_common/pico_standard_binary_info/standard_binary_info.c.obj
 .binary_info.keep.__bi_ptr78
                0x100088f8        0x4 CMakeFiles/sensor_temperatura.dir/C_/Users/ggrun/.pico-sdk/sdk/2.2.0/src/rp2_common/pico_standard_binary_info/standard_binary_info.c.obj
 .binary_info.keep.__bi_ptr54
                0x100088fc        0x4 CMakeFiles/sensor_temperatura.dir/C_/Users/ggrun/.pico-sdk/sdk/2.2.0/src/rp2_common/pico_standard_binary_info/standard_binary_info.c.obj
 .binary_info.keep.__bi_ptr48
                0x10008900        0x4 CMakeFiles/sensor_temperatura.dir/C_/Users/ggrun/.pico-sdk/sdk/2.2.0/src/rp2_common/pico_standard_binary_info/standard_binary_info.c.obj
 .binary_info.keep.__bi_ptr42
                0x10008904        0x4 CMakeFiles/sensor_temperatura.dir/C_/Users/ggrun/.pico-sdk/sdk/2.2.0/src/rp2_common/pico_standard_binary_info/standard_binary_info.c.obj
 .binary_info.keep.__bi_ptr34
                0x10008908        0x4 CMakeFiles/sensor_temperatura.dir/C_/Users/ggrun/.pico-sdk/sdk/2.2.0/src/rp2_common/pico_standard_binary_info/standard_binary_info.c.obj
 .binary_info.keep.__bi_ptr26
                0x1000890c        0x4 CMakeFiles/sensor_temperatura.dir/C_/Users/ggrun/.pico-sdk/sdk/2.2.0/src/rp2_common/pico_standard_binary_info/standard_binary_info.c.obj
 *(.binary_info.*)
 .binary_info.__bi_ptr202
                0x10008910        0x4 CMakeFiles/sensor_temperatura.dir/C_/Users/ggrun/.pico-sdk/sdk/2.2.0/src/rp2_common/pico_stdio_usb/stdio_usb.c.obj
                0x10008914                        __binary_info_end = .
                0x10008914                        . = ALIGN (0x4)

.ram_vector_table
                0x20000000       0xc0
 *(.ram_vector_table)
 .ram_vector_table
                0x20000000       0xc0 CMakeFiles/sensor_temperatura.dir/C_/Users/ggrun/.pico-sdk/sdk/2.2.0/src/rp2_common/pico_runtime_init/runtime_init.c.obj
                0x20000000                ram_vector_table

.uninitialized_data
                0x200000c0        0x0
                0x200000c0                        . = ALIGN (0x4)
 *(.uninitialized_data*)

.data           0x200000c0     0x1550 load address 0x10008914
                0x200000c0                        __data_start__ = .
 *(vtable)
 *(.time_critical*)
 .time_critical.mutex_try_enter
                0x200000c0       0x40 CMakeFiles/sensor_temperatura.dir/C_/Users/ggrun/.pico-sdk/sdk/2.2.0/src/common/pico_sync/mutex.c.obj
                0x200000c0                mutex_try_enter
 .time_critical.mutex_try_enter_block_until
                0x20000100       0x98 CMakeFiles/sensor_temperatura.dir/C_/Users/ggrun/.pico-sdk/sdk/2.2.0/src/common/pico_sync/mutex.c.obj
                0x20000100                mutex_try_enter_block_until
 .time_critical.mutex_enter_timeout_ms
                0x20000198       0x8c CMakeFiles/sensor_temperatura.dir/C_/Users/ggrun/.pico-sdk/sdk/2.2.0/src/common/pico_sync/mutex.c.obj
                0x20000198                mutex_enter_timeout_ms
 .time_critical.mutex_exit
                0x20000224       0x28 CMakeFiles/sensor_temperatura.dir/C_/Users/ggrun/.pico-sdk/sdk/2.2.0/src/common/pico_sync/mutex.c.obj
                0x20000224                mutex_exit
 .time_critical.flash_init_boot2_copyout
                0x2000024c       0x30 CMakeFiles/sensor_temperatura.dir/C_/Users/ggrun/.pico-sdk/sdk/2.2.0/src/rp2_common/hardware_flash/flash.c.obj
 .time_critical.flash_enable_xip_via_boot2
                0x2000027c        0xc CMakeFiles/sensor_temperatura.dir/C_/Users/ggrun/.pico-sdk/sdk/2.2.0/src/rp2_common/hardware_flash/flash.c.obj
 .time_critical.flash_save_hardware_state
                0x20000288       0x20 CMakeFiles/sensor_temperatura.dir/C_/Users/ggrun/.pico-sdk/sdk/2.2.0/src/rp2_common/hardware_flash/flash.c.obj
 .time_critical.flash_restore_hardware_state
                0x200002a8       0x20 CMakeFiles/sensor_temperatura.dir/C_/Users/ggrun/.pico-sdk/sdk/2.2.0/src/rp2_common/hardware_flash/flash.c.obj
 .time_critical.flash_cs_force
                0x200002c8       0x38 CMakeFiles/sensor_temperatura.dir/C_/Users/ggrun/.pico-sdk/sdk/2.2.0/src/rp2_common/hardware_flash/flash.c.obj
 .time_critical.flash_do_cmd
                0x20000300      0x13c CMakeFiles/sensor_temperatura.dir/C_/Users/ggrun/.pico-sdk/sdk/2.2.0/src/rp2_common/hardware_flash/flash.c.obj
                0x20000300                flash_do_cmd
 .time_critical.reset_non_control_endpoints
                0x2000043c       0x68 CMakeFiles/sensor_temperatura.dir/C_/Users/ggrun/.pico-sdk/sdk/2.2.0/lib/tinyusb/src/portable/raspberrypi/rp2040/dcd_rp2040.c.obj
 .time_critical.hw_handle_buff_status
                0x200004a4       0xa0 CMakeFiles/sensor_temperatura.dir/C_/Users/ggrun/.pico-sdk/sdk/2.2.0/lib/tinyusb/src/portable/raspberrypi/rp2040/dcd_rp2040.c.obj
 .time_critical.dcd_rp2040_irq
                0x20000544      0x548 CMakeFiles/sensor_temperatura.dir/C_/Users/ggrun/.pico-sdk/sdk/2.2.0/lib/tinyusb/src/portable/raspberrypi/rp2040/dcd_rp2040.c.obj
 .time_critical.prepare_ep_buffer
                0x20000a8c       0xc8 CMakeFiles/sensor_temperatura.dir/C_/Users/ggrun/.pico-sdk/sdk/2.2.0/lib/tinyusb/src/portable/raspberrypi/rp2040/rp2040_usb.c.obj
 .time_critical.sync_ep_buffer
                0x20000b54       0x9c CMakeFiles/sensor_temperatura.dir/C_/Users/ggrun/.pico-sdk/sdk/2.2.0/lib/tinyusb/src/portable/raspberrypi/rp2040/rp2040_usb.c.obj
 .time_critical._hw_endpoint_xfer_sync
                0x20000bf0       0x28 CMakeFiles/sensor_temperatura.dir/C_/Users/ggrun/.pico-sdk/sdk/2.2.0/lib/tinyusb/src/portable/raspberrypi/rp2040/rp2040_usb.c.obj
 .time_critical.e15_is_bulkin_ep
                0x20000c18       0x28 CMakeFiles/sensor_temperatura.dir/C_/Users/ggrun/.pico-sdk/sdk/2.2.0/lib/tinyusb/src/portable/raspberrypi/rp2040/rp2040_usb.c.obj
 .time_critical.e15_is_critical_frame_period
                0x20000c40       0x34 CMakeFiles/sensor_temperatura.dir/C_/Users/ggrun/.pico-sdk/sdk/2.2.0/lib/tinyusb/src/portable/raspberrypi/rp2040/rp2040_usb.c.obj
 .time_critical.hw_endpoint_reset_transfer
                0x20000c74        0xc CMakeFiles/sensor_temperatura.dir/C_/Users/ggrun/.pico-sdk/sdk/2.2.0/lib/tinyusb/src/portable/raspberrypi/rp2040/rp2040_usb.c.obj
                0x20000c74                hw_endpoint_reset_transfer
 .time_critical._hw_endpoint_buffer_control_update32
                0x20000c80       0x50 CMakeFiles/sensor_temperatura.dir/C_/Users/ggrun/.pico-sdk/sdk/2.2.0/lib/tinyusb/src/portable/raspberrypi/rp2040/rp2040_usb.c.obj
                0x20000c80                _hw_endpoint_buffer_control_update32
 .time_critical.hw_endpoint_start_next_buffer
                0x20000cd0       0x68 CMakeFiles/sensor_temperatura.dir/C_/Users/ggrun/.pico-sdk/sdk/2.2.0/lib/tinyusb/src/portable/raspberrypi/rp2040/rp2040_usb.c.obj
                0x20000cd0                hw_endpoint_start_next_buffer
 .time_critical.hw_endpoint_xfer_continue
                0x20000d38       0x40 CMakeFiles/sensor_temperatura.dir/C_/Users/ggrun/.pico-sdk/sdk/2.2.0/lib/tinyusb/src/portable/raspberrypi/rp2040/rp2040_usb.c.obj
                0x20000d38                hw_endpoint_xfer_continue
 .time_critical.tinyusb
                0x20000d78      0x1e4 CMakeFiles/sensor_temperatura.dir/C_/Users/ggrun/.pico-sdk/sdk/2.2.0/lib/tinyusb/src/device/usbd.c.obj
                0x20000d78                dcd_event_handler
 *(.text*)
 .text          0x20000f5c        0x4 C:/Users/ggrun/.pico-sdk/toolchain/14_2_Rel1/bin/../lib/gcc/arm-none-eabi/14.2.1/thumb/v6-m/nofp\libgcc.a(_dvmd_tls.o)
                0x20000f5c                __aeabi_idiv0
                0x20000f5c                __aeabi_ldiv0
 .text.__stub   0x20000f60       0x80 linker stubs
                0x20000fe0                        . = ALIGN (0x4)
 *(.rodata*)
                0x20000fe0                        . = ALIGN (0x4)
 *(.data*)
 .data.striped_spin_lock_num
                0x20000fe0        0x1 CMakeFiles/sensor_temperatura.dir/C_/Users/ggrun/.pico-sdk/sdk/2.2.0/src/rp2_common/hardware_sync/sync.c.obj
 *fill*         0x20000fe1        0x3 
 .data          0x20000fe4       0x48 CMakeFiles/sensor_temperatura.dir/C_/Users/ggrun/.pico-sdk/sdk/2.2.0/src/rp2_common/hardware_irq/irq_handler_chain.S.obj
                0x20000fe4                irq_handler_chain_slots
                0x20001014                irq_handler_chain_first_slot
                0x2000101e                irq_handler_chain_remove_tail
 .data.default_alarm_pool
                0x2000102c       0x18 CMakeFiles/sensor_temperatura.dir/C_/Users/ggrun/.pico-sdk/sdk/2.2.0/src/common/pico_time/time.c.obj
 *fill*         0x20001044        0xc 
 .data.aeabi_bits_funcs
                0x20001050       0x10 CMakeFiles/sensor_temperatura.dir/C_/Users/ggrun/.pico-sdk/sdk/2.2.0/src/rp2_common/pico_bit_ops/bit_ops_aeabi.S.obj
                0x20001050                aeabi_bits_funcs
                0x20001060                aeabi_bits_funcs_end
 .data.aeabi_mem_funcs
                0x20001060       0x10 CMakeFiles/sensor_temperatura.dir/C_/Users/ggrun/.pico-sdk/sdk/2.2.0/src/rp2_common/pico_mem_ops/mem_ops_aeabi.S.obj
                0x20001060                aeabi_mem_funcs
                0x20001070                aeabi_mem_funcs_end
 .data.stdio_usb
                0x20001070       0x18 CMakeFiles/sensor_temperatura.dir/C_/Users/ggrun/.pico-sdk/sdk/2.2.0/src/rp2_common/pico_stdio_usb/stdio_usb.c.obj
                0x20001070                stdio_usb
 .data._usbd_qdef
                0x20001088       0x1c CMakeFiles/sensor_temperatura.dir/C_/Users/ggrun/.pico-sdk/sdk/2.2.0/lib/tinyusb/src/device/usbd.c.obj
                0x20001088                _usbd_qdef
 .data._usbd_rhport
                0x200010a4        0x1 CMakeFiles/sensor_temperatura.dir/C_/Users/ggrun/.pico-sdk/sdk/2.2.0/lib/tinyusb/src/device/usbd.c.obj
 *fill*         0x200010a5        0x3 
 .data.i2c0_inst
                0x200010a8        0x8 CMakeFiles/sensor_temperatura.dir/C_/Users/ggrun/.pico-sdk/sdk/2.2.0/src/rp2_common/hardware_i2c/i2c.c.obj
                0x200010a8                i2c0_inst
 .data.__malloc_sbrk_base
                0x200010b0        0x4 C:/Users/ggrun/.pico-sdk/toolchain/14_2_Rel1/bin/../lib/gcc/arm-none-eabi/14.2.1/thumb/v6-m/nofp\libg.a(libc_a-mallocr.o)
                0x200010b0                __malloc_sbrk_base
 .data.__malloc_trim_threshold
                0x200010b4        0x4 C:/Users/ggrun/.pico-sdk/toolchain/14_2_Rel1/bin/../lib/gcc/arm-none-eabi/14.2.1/thumb/v6-m/nofp\libg.a(libc_a-mallocr.o)
                0x200010b4                __malloc_trim_threshold
 .data.__malloc_av_
                0x200010b8      0x408 C:/Users/ggrun/.pico-sdk/toolchain/14_2_Rel1/bin/../lib/gcc/arm-none-eabi/14.2.1/thumb/v6-m/nofp\libg.a(libc_a-mallocr.o)
                0x200010b8                __malloc_av_
 .data._impure_ptr
                0x200014c0        0x4 C:/Users/ggrun/.pico-sdk/toolchain/14_2_Rel1/bin/../lib/gcc/arm-none-eabi/14.2.1/thumb/v6-m/nofp\libg.a(libc_a-impure.o)
                0x200014c0                _impure_ptr
 *fill*         0x200014c4        0x4 
 .data._impure_data
                0x200014c8      0x140 C:/Users/ggrun/.pico-sdk/toolchain/14_2_Rel1/bin/../lib/gcc/arm-none-eabi/14.2.1/thumb/v6-m/nofp\libg.a(libc_a-impure.o)
                0x200014c8                _impure_data
                0x20001608                        . = ALIGN (0x4)
 *(.after_data.*)
                0x20001608                        . = ALIGN (0x4)
                0x20001608                        PROVIDE (__mutex_array_start = .)
 *(SORT_BY_NAME(.mutex_array.*))
 *(.mutex_array)
 .mutex_array   0x20001608        0x8 CMakeFiles/sensor_temperatura.dir/C_/Users/ggrun/.pico-sdk/sdk/2.2.0/src/rp2_common/pico_stdio/stdio.c.obj
                0x20001610                        PROVIDE (__mutex_array_end = .)
                0x20001610                        . = ALIGN (0x4)
 *(.jcr)
                0x20001610                        . = ALIGN (0x4)

.tm_clone_table
                0x20001610        0x0 load address 0x10009e64
 .tm_clone_table
                0x20001610        0x0 C:/Users/ggrun/.pico-sdk/toolchain/14_2_Rel1/bin/../lib/gcc/arm-none-eabi/14.2.1/thumb/v6-m/nofp/crtbegin.o
 .tm_clone_table
                0x20001610        0x0 C:/Users/ggrun/.pico-sdk/toolchain/14_2_Rel1/bin/../lib/gcc/arm-none-eabi/14.2.1/thumb/v6-m/nofp/crtend.o

.igot.plt       0x20001610        0x0 load address 0x10009e64
 .igot.plt      0x20001610        0x0 C:/Users/ggrun/.pico-sdk/toolchain/14_2_Rel1/bin/../lib/gcc/arm-none-eabi/14.2.1/thumb/v6-m/nofp/crtbegin.o

.tdata          0x20001610        0x0 load address 0x10009e64
                0x20001610                        . = ALIGN (0x4)
 *(.tdata .tdata.* .gnu.linkonce.td.*)
                0x20001610                        __tdata_end = .
                0x20001610                        PROVIDE (__data_end__ = .)
                0x10008914                        __etext = LOADADDR (.data)

.tbss           0x20001610        0x0 load address 0x10009e64
                0x20001610                        . = ALIGN (0x4)
                0x20001610                        __bss_start__ = .
                0x20001610                        __tls_base = .
 *(.tbss .tbss.* .gnu.linkonce.tb.*)
 *(.tcommon)
                0x20001610                        __tls_end = .

.bss            0x20001610     0x1088 load address 0x10009e64
                0x20001610                        . = ALIGN (0x4)
                0x20001610                        __tbss_end = .
 *(SORT_BY_ALIGNMENT(SORT_BY_NAME(.bss*)))
 .bss.default_alarm_pool_entries
                0x20001610      0x180 CMakeFiles/sensor_temperatura.dir/C_/Users/ggrun/.pico-sdk/sdk/2.2.0/src/common/pico_time/time.c.obj
 .bss.last_avail_time.1
                0x20001790        0x8 CMakeFiles/sensor_temperatura.dir/C_/Users/ggrun/.pico-sdk/sdk/2.2.0/src/rp2_common/pico_stdio_usb/stdio_usb.c.obj
 .bss.sd_table  0x20001798      0x100 CMakeFiles/sensor_temperatura.dir/C_/Users/ggrun/.pico-sdk/sdk/2.2.0/src/rp2_common/pico_double/double_init_rom_rp2040.c.obj
                0x20001798                sd_table
 .bss.sf_table  0x20001898      0x100 CMakeFiles/sensor_temperatura.dir/C_/Users/ggrun/.pico-sdk/sdk/2.2.0/src/rp2_common/pico_float/float_init_rom_rp2040.c.obj
                0x20001898                sf_table
 .bss.__lock___malloc_recursive_mutex
                0x20001998        0x1 C:/Users/ggrun/.pico-sdk/toolchain/14_2_Rel1/bin/../lib/gcc/arm-none-eabi/14.2.1/thumb/v6-m/nofp\libg.a(libc_a-lock.o)
                0x20001998                __lock___malloc_recursive_mutex
 *fill*         0x20001999        0x3 
 .bss.__malloc_current_mallinfo
                0x2000199c       0x28 C:/Users/ggrun/.pico-sdk/toolchain/14_2_Rel1/bin/../lib/gcc/arm-none-eabi/14.2.1/thumb/v6-m/nofp\libg.a(libc_a-mallocr.o)
                0x2000199c                __malloc_current_mallinfo
 .bss.__malloc_max_sbrked_mem
                0x200019c4        0x4 C:/Users/ggrun/.pico-sdk/toolchain/14_2_Rel1/bin/../lib/gcc/arm-none-eabi/14.2.1/thumb/v6-m/nofp\libg.a(libc_a-mallocr.o)
                0x200019c4                __malloc_max_sbrked_mem
 .bss.__malloc_max_total_mem
                0x200019c8        0x4 C:/Users/ggrun/.pico-sdk/toolchain/14_2_Rel1/bin/../lib/gcc/arm-none-eabi/14.2.1/thumb/v6-m/nofp\libg.a(libc_a-mallocr.o)
                0x200019c8                __malloc_max_total_mem
 .bss.__malloc_top_pad
                0x200019cc        0x4 C:/Users/ggrun/.pico-sdk/toolchain/14_2_Rel1/bin/../lib/gcc/arm-none-eabi/14.2.1/thumb/v6-m/nofp\libg.a(libc_a-mallocr.o)
                0x200019cc                __malloc_top_pad
 .bss.__sf      0x200019d0      0x138 C:/Users/ggrun/.pico-sdk/toolchain/14_2_Rel1/bin/../lib/gcc/arm-none-eabi/14.2.1/thumb/v6-m/nofp\libg.a(libc_a-findfp.o)
                0x200019d0                __sf
 .bss._app_driver
                0x20001b08        0x4 CMakeFiles/sensor_temperatura.dir/C_/Users/ggrun/.pico-sdk/sdk/2.2.0/lib/tinyusb/src/device/usbd.c.obj
 .bss._cdcd_epbuf
                0x20001b0c       0x80 CMakeFiles/sensor_temperatura.dir/C_/Users/ggrun/.pico-sdk/sdk/2.2.0/lib/tinyusb/src/class/cdc/cdc_device.c.obj
 .bss._cdcd_fifo_cfg
                0x20001b8c        0x1 CMakeFiles/sensor_temperatura.dir/C_/Users/ggrun/.pico-sdk/sdk/2.2.0/lib/tinyusb/src/class/cdc/cdc_device.c.obj
 *fill*         0x20001b8d        0x3 
 .bss._cdcd_itf
                0x20001b90       0xc8 CMakeFiles/sensor_temperatura.dir/C_/Users/ggrun/.pico-sdk/sdk/2.2.0/lib/tinyusb/src/class/cdc/cdc_device.c.obj
 .bss._ctrl_epbuf
                0x20001c58       0x40 CMakeFiles/sensor_temperatura.dir/C_/Users/ggrun/.pico-sdk/sdk/2.2.0/lib/tinyusb/src/device/usbd_control.c.obj
 .bss._ctrl_xfer
                0x20001c98       0x14 CMakeFiles/sensor_temperatura.dir/C_/Users/ggrun/.pico-sdk/sdk/2.2.0/lib/tinyusb/src/device/usbd_control.c.obj
 .bss._tusb_rhport_role
                0x20001cac        0x2 CMakeFiles/sensor_temperatura.dir/C_/Users/ggrun/.pico-sdk/sdk/2.2.0/lib/tinyusb/src/tusb.c.obj
                0x20001cac                _tusb_rhport_role
 *fill*         0x20001cae        0x2 
 .bss._ubsd_mutexdef
                0x20001cb0        0x8 CMakeFiles/sensor_temperatura.dir/C_/Users/ggrun/.pico-sdk/sdk/2.2.0/lib/tinyusb/src/device/usbd.c.obj
 .bss._usbd_dev
                0x20001cb8       0x54 CMakeFiles/sensor_temperatura.dir/C_/Users/ggrun/.pico-sdk/sdk/2.2.0/lib/tinyusb/src/device/usbd.c.obj
 .bss._usbd_mutex
                0x20001d0c        0x4 CMakeFiles/sensor_temperatura.dir/C_/Users/ggrun/.pico-sdk/sdk/2.2.0/lib/tinyusb/src/device/usbd.c.obj
 .bss._usbd_q   0x20001d10        0x4 CMakeFiles/sensor_temperatura.dir/C_/Users/ggrun/.pico-sdk/sdk/2.2.0/lib/tinyusb/src/device/usbd.c.obj
 .bss._usbd_qdef_buf